drivers/block/blkmap.c:94:13:blkmap_slice_contains	0	static
drivers/block/blkmap.c:255:13:blkmap_mem_destroy	0	static
drivers/block/blkmap.c:118:12:blkmap_slice_add	32	static
drivers/block/blkmap.c:368:14:blkmap_blk_write	80	static
drivers/block/blkmap.c:335:14:blkmap_blk_read	80	static
drivers/block/blkmap.c:165:14:blkmap_linear_write	0	static
drivers/block/blkmap.c:157:14:blkmap_linear_read	0	static
drivers/block/blkmap.c:242:14:blkmap_mem_write	48	static
drivers/block/blkmap.c:230:14:blkmap_mem_read	48	static
drivers/block/blkmap.c:428:12:blkmap_dev_unbind	48	static
drivers/block/blkmap.c:401:12:blkmap_dev_bind	32	static
drivers/block/blkmap.c:174:5:blkmap_map_linear	64	static
drivers/block/blkmap.c:263:5:__blkmap_map_mem	80	static
drivers/block/blkmap.c:299:5:blkmap_map_mem	0	static
drivers/block/blkmap.c:305:5:blkmap_map_pmem	64	static
drivers/block/blkmap.c:454:17:blkmap_from_label	48	static
drivers/block/blkmap.c:469:5:blkmap_create	80	static
drivers/block/blkmap.c:526:5:blkmap_get_preserved_pmem_slices	80	static
drivers/block/blkmap.c:563:5:blkmap_destroy	32	static
