lib/libfdt/../../scripts/dtc/libfdt/fdt_ro.c:160:40:fdt_mem_rsv	0	static
lib/libfdt/../../scripts/dtc/libfdt/fdt_ro.c:201:12:nextprop_	48	static
lib/libfdt/../../scripts/dtc/libfdt/fdt_ro.c:359:35:fdt_get_property_by_offset_	48	static
lib/libfdt/../../scripts/dtc/libfdt/fdt_ro.c:34:13:fdt_get_string	48	static
lib/libfdt/../../scripts/dtc/libfdt/fdt_ro.c:100:13:fdt_string	0	static
lib/libfdt/../../scripts/dtc/libfdt/fdt_ro.c:175:5:fdt_get_mem_rsv	48	static
lib/libfdt/../../scripts/dtc/libfdt/fdt_ro.c:189:5:fdt_num_mem_rsv	16	static
lib/libfdt/../../scripts/dtc/libfdt/fdt_ro.c:303:13:fdt_get_name	48	static
lib/libfdt/../../scripts/dtc/libfdt/fdt_ro.c:225:5:fdt_subnode_offset_namelen	80	static
lib/libfdt/../../scripts/dtc/libfdt/fdt_ro.c:244:5:fdt_subnode_offset	48	static
lib/libfdt/../../scripts/dtc/libfdt/fdt_ro.c:341:5:fdt_first_property_offset	32	static
lib/libfdt/../../scripts/dtc/libfdt/fdt_ro.c:351:5:fdt_next_property_offset	32	static
lib/libfdt/../../scripts/dtc/libfdt/fdt_ro.c:397:35:fdt_get_property_namelen_	96	static
lib/libfdt/../../scripts/dtc/libfdt/fdt_ro.c:381:28:fdt_get_property_by_offset	0	static
lib/libfdt/../../scripts/dtc/libfdt/fdt_ro.c:427:28:fdt_get_property_namelen	0	static
lib/libfdt/../../scripts/dtc/libfdt/fdt_ro.c:444:28:fdt_get_property	48	static
lib/libfdt/../../scripts/dtc/libfdt/fdt_ro.c:452:13:fdt_getprop_namelen	48	static
lib/libfdt/../../scripts/dtc/libfdt/fdt_ro.c:470:13:fdt_getprop_by_offset	80	static
lib/libfdt/../../scripts/dtc/libfdt/fdt_ro.c:503:13:fdt_getprop	48	static
lib/libfdt/../../scripts/dtc/libfdt/fdt_ro.c:509:10:fdt_get_phandle	48	static
lib/libfdt/../../scripts/dtc/libfdt/fdt_ro.c:114:5:fdt_find_max_phandle	48	static
lib/libfdt/../../scripts/dtc/libfdt/fdt_ro.c:142:5:fdt_generate_phandle	48	static
lib/libfdt/../../scripts/dtc/libfdt/fdt_ro.c:538:13:fdt_get_alias_namelen	64	static
lib/libfdt/../../scripts/dtc/libfdt/fdt_ro.c:250:5:fdt_path_offset_namelen	64	static
lib/libfdt/../../scripts/dtc/libfdt/fdt_ro.c:298:5:fdt_path_offset	32	static
lib/libfdt/../../scripts/dtc/libfdt/fdt_ro.c:553:13:fdt_get_alias	32	static
lib/libfdt/../../scripts/dtc/libfdt/fdt_ro.c:558:13:fdt_get_symbol_namelen	48	static
lib/libfdt/../../scripts/dtc/libfdt/fdt_ro.c:564:13:fdt_get_symbol	32	static
lib/libfdt/../../scripts/dtc/libfdt/fdt_ro.c:569:5:fdt_get_path	112	static
lib/libfdt/../../scripts/dtc/libfdt/fdt_ro.c:621:5:fdt_supernode_atdepth_offset	80	static
lib/libfdt/../../scripts/dtc/libfdt/fdt_ro.c:659:5:fdt_node_depth	32	static
lib/libfdt/../../scripts/dtc/libfdt/fdt_ro.c:671:5:fdt_parent_offset	32	static
lib/libfdt/../../scripts/dtc/libfdt/fdt_ro.c:681:5:fdt_node_offset_by_prop_value	80	static
lib/libfdt/../../scripts/dtc/libfdt/fdt_ro.c:708:5:fdt_node_offset_by_phandle	48	static
lib/libfdt/../../scripts/dtc/libfdt/fdt_ro.c:733:5:fdt_stringlist_contains	64	static
lib/libfdt/../../scripts/dtc/libfdt/fdt_ro.c:750:5:fdt_stringlist_count	64	static
lib/libfdt/../../scripts/dtc/libfdt/fdt_ro.c:775:5:fdt_stringlist_search	80	static
lib/libfdt/../../scripts/dtc/libfdt/fdt_ro.c:805:13:fdt_stringlist_get	64	static
lib/libfdt/../../scripts/dtc/libfdt/fdt_ro.c:850:5:fdt_node_check_compatible	48	static
lib/libfdt/../../scripts/dtc/libfdt/fdt_ro.c:863:5:fdt_node_offset_by_compatible	48	static
lib/libfdt/../../scripts/dtc/libfdt/fdt_ro.c:889:5:fdt_check_full	80	static
