cmd/eficonfig.c:306:14:eficonfig_process_quit	0	static
cmd/eficonfig.c:489:21:eficonfig_volume_selected	0	static
cmd/eficonfig.c:1072:14:eficonfig_process_clear_file_selection	0	static
cmd/eficonfig.c:1751:21:eficonfig_process_boot_selected	0	static
cmd/eficonfig.c:186:6:eficonfig_print_entry	48	static
cmd/eficonfig.c:1974:13:eficonfig_print_change_boot_order_entry	48	static
cmd/eficonfig.c:211:6:eficonfig_display_statusline	48	static
cmd/eficonfig.c:959:21:handle_user_input	64	static
cmd/eficonfig.c:1029:21:eficonfig_boot_add_uri	0	static
cmd/eficonfig.c:1013:21:eficonfig_boot_add_optional_data	0	static
cmd/eficonfig.c:997:21:eficonfig_boot_add_enter_description	0	static
cmd/eficonfig.c:770:12:sort_file	0	static
cmd/eficonfig.c:2117:21:eficonfig_process_save_boot_order	96	static
cmd/eficonfig.c:138:13:eficonfig_menu_adjust	0	static
cmd/eficonfig.c:233:7:eficonfig_choice_entry	64	static
cmd/eficonfig.c:2007:7:eficonfig_choice_change_boot_order	64	static
cmd/eficonfig.c:1463:13:fill_file_info.constprop	48	static
cmd/eficonfig.c:167:6:eficonfig_print_msg	32	static
cmd/eficonfig.c:582:21:eficonfig_file_selected	64	static
cmd/eficonfig.c:1045:21:eficonfig_boot_edit_save	32	static
cmd/eficonfig.c:282:6:eficonfig_destroy	64	static
cmd/eficonfig.c:320:14:eficonfig_append_menu_entry	64	static
cmd/eficonfig.c:1769:21:eficonfig_add_boot_selection_entry	144	static
cmd/eficonfig.c:2180:21:eficonfig_add_change_boot_order_entry	160	static
cmd/eficonfig.c:1274:21:create_boot_option_entry	80	static
cmd/eficonfig.c:1304:21:prepare_file_selection_entry	80	static
cmd/eficonfig.c:350:14:eficonfig_append_quit_entry	32	static
cmd/eficonfig.c:373:7:eficonfig_create_fixed_menu	64	static
cmd/eficonfig.c:419:14:eficonfig_process_common	80	static
cmd/eficonfig.c:1106:14:eficonfig_process_show_file_option	32	static
cmd/eficonfig.c:1151:14:eficonfig_process_select_file	224	static
cmd/eficonfig.c:2460:12:do_eficonfig	80	static
cmd/eficonfig.c:1837:21:eficonfig_show_boot_selection	128	static
cmd/eficonfig.c:2390:21:eficonfig_process_delete_boot_option	32	static
cmd/eficonfig.c:2329:21:eficonfig_process_change_boot_order	144	static
cmd/eficonfig.c:509:25:eficonfig_create_device_path	48	static
cmd/eficonfig.c:1501:21:eficonfig_edit_boot_option	256	static
cmd/eficonfig.c:1924:21:eficonfig_process_edit_boot_option	112	static
cmd/eficonfig.c:1714:21:eficonfig_process_add_boot_option	64	static
