cmd/tpm-v1.c:649:1:do_tpm_self_test_full	48	static
cmd/tpm-v1.c:650:1:do_tpm_continue_self_test	48	static
cmd/tpm-v1.c:651:1:do_tpm_force_clear	48	static
cmd/tpm-v1.c:652:1:do_tpm_physical_enable	48	static
cmd/tpm-v1.c:653:1:do_tpm_physical_disable	48	static
cmd/tpm-v1.c:347:12:do_tpm_nv_write	64	static
cmd/tpm-v1.c:312:12:do_tpm_nv_read	64	static
cmd/tpm-v1.c:288:12:do_tpm_nv_define	64	static
cmd/tpm-v1.c:42:12:do_tpm_nv_define_space	64	static
cmd/tpm-v1.c:88:12:do_tpm_nv_write_value	64	static
cmd/tpm-v1.c:259:12:do_tpm_raw_transfer	1088	static
cmd/tpm-v1.c:62:12:do_tpm_nv_read_value	64	static
cmd/tpm-v1.c:231:12:do_tpm_get_capability	80	static
cmd/tpm-v1.c:213:12:do_tpm_physical_set_deactivated	48	static
cmd/tpm-v1.c:188:12:do_tpm_read_pubek	64	static
cmd/tpm-v1.c:170:12:do_tpm_tsc_physical_presence	48	static
cmd/tpm-v1.c:144:12:do_tpm_pcr_read	64	static
cmd/tpm-v1.c:115:12:do_tpm_extend	96	static
cmd/tpm-v1.c:16:12:do_tpm_startup	48	static
cmd/tpm-v1.c:722:17:get_tpm1_commands	0	static
