env/common.c:261:12:env_get_from_linear	80	static
env/common.c:47:5:env_get_id	0	static
env/common.c:52:6:env_inc_id	0	static
env/common.c:57:5:env_do_env_set	144	static
env/common.c:141:5:env_set	48	static
env/common.c:162:5:env_set_ulong	32	static
env/common.c:177:5:env_set_hex	64	static
env/common.c:376:12:env_update_fdt_addr_from_bloblist	0	static
env/common.c:302:5:env_get_f	0	static
env/common.c:223:7:env_get	112	static
env/common.c:185:7:env_get_hex	48	static
env/common.c:200:5:eth_env_get_enetaddr	32	static
env/common.c:206:5:eth_env_set_enetaddr	64	static
env/common.c:249:7:from_env	32	static
env/common.c:323:7:env_get_ulong	32	static
env/common.c:338:5:env_get_yesno	16	static
env/common.c:348:6:env_get_autostart	16	static
env/common.c:371:5:env_get_default_into	0	static
env/common.c:356:7:env_get_default	16	static
env/common.c:388:6:env_set_default	32	static
env/common.c:419:5:env_set_default_vars	0	static
env/common.c:443:5:env_import	48	static
env/common.c:582:5:env_export	48	static
env/common.c:603:6:env_relocate	0	static
env/common.c:619:5:env_complete	144	static
