drivers/usb/host/usb-uclass.c:864:12:usb_child_post_bind	32	static
drivers/usb/host/usb-uclass.c:371:13:run_threads	48	static
drivers/usb/host/usb-uclass.c:346:13:usb_scan_bus.constprop	32	static
drivers/usb/host/usb-uclass.c:596:12:usb_match_one_id	0	static
drivers/usb/host/usb-uclass.c:295:13:_usb_init_bus	48	static
drivers/usb/host/usb-uclass.c:250:13:remove_inactive_children.isra	48	static
drivers/usb/host/usb-uclass.c:29:5:usb_lock_async	0	static
drivers/usb/host/usb-uclass.c:40:5:usb_disable_asynch	0	static
drivers/usb/host/usb-uclass.c:48:5:submit_int_msg	0	static
drivers/usb/host/usb-uclass.c:61:5:submit_control_msg	80	static
drivers/usb/host/usb-uclass.c:84:5:submit_bulk_msg	0	static
drivers/usb/host/usb-uclass.c:96:19:create_int_queue	0	static
drivers/usb/host/usb-uclass.c:110:7:poll_int_queue	0	static
drivers/usb/host/usb-uclass.c:121:5:destroy_int_queue	0	static
drivers/usb/host/usb-uclass.c:132:5:usb_alloc_device	0	static
drivers/usb/host/usb-uclass.c:144:5:usb_reset_root_port	0	static
drivers/usb/host/usb-uclass.c:155:5:usb_update_hub_device	0	static
drivers/usb/host/usb-uclass.c:166:5:usb_get_max_xfer_size	0	static
drivers/usb/host/usb-uclass.c:181:5:usb_stop	80	static
drivers/usb/host/usb-uclass.c:383:5:usb_init	96	static
drivers/usb/host/usb-uclass.c:481:5:usb_setup_ehci_gadget	48	static
drivers/usb/host/usb-uclass.c:505:5:usb_remove_ehci_gadget	48	static
drivers/usb/host/usb-uclass.c:824:5:usb_detect_change	64	static
drivers/usb/host/usb-uclass.c:887:17:usb_get_bus	32	static
drivers/usb/host/usb-uclass.c:734:5:usb_scan_device	2656	static
drivers/usb/host/usb-uclass.c:236:13:_usb_scan_bus	48	static
drivers/usb/host/usb-uclass.c:902:5:usb_child_pre_probe	48	static
