common/cli_hush.c:888:13:b_reset	0	static
common/cli_hush.c:927:12:static_get	0	static
common/cli_hush.c:934:12:static_peek	0	static
common/cli_hush.c:3143:13:mapset	0	static
common/cli_hush.c:375:13:syntax_err	0	static
common/cli_hush.c:3319:14:xmalloc	16	static
common/cli_hush.c:2335:21:new_pipe	16	static
common/cli_hush.c:3330:14:xrealloc	16	static
common/cli_hush.c:3658:12:do_showvar	80	static
common/cli_hush.c:2273:12:is_assignment	0	static
common/cli_hush.c:878:12:b_addchr	48	static
common/cli_hush.c:1088:12:file_get	64	static
common/cli_hush.c:2534:12:done_command.isra	48	static
common/cli_hush.c:2583:12:done_pipe.isra	32	static
common/cli_hush.c:2443:12:done_word	80	static
common/cli_hush.c:1996:12:free_pipe_list.isra	80	static
common/cli_hush.c:906:12:b_addqchr.isra	32	static
common/cli_hush.c:1131:12:file_peek	0	static
common/cli_hush.c:2132:7:get_local_var	32	static
common/cli_hush.c:2243:6:unset_local_var	48	static
common/cli_hush.c:2154:5:set_local_var	64	static
common/cli_hush.c:3508:14:insert_var_value_sub	112	static
common/cli_hush.c:3259:5:parse_string_outer	96	static
common/cli_hush.c:1757:12:run_list_real	208	static
common/cli_hush.c:3177:12:parse_stream_outer	192	static
common/cli_hush.c:3291:5:parse_file_outer	48	static
common/cli_hush.c:3306:5:u_boot_hush_start	32	static
