common/console.c:302:12:console_tstc	80	static
common/console.c:324:13:console_putc	64	static
common/console.c:380:13:console_puts	64	static
common/console.c:392:13:console_flush	48	static
common/console.c:652:13:pre_console_putc	0	static
common/console.c:32:12:on_console	48	static
common/console.c:343:13:console_puts_select	80	static
common/console.c:266:13:console_needs_start_stop	64	static
common/console.c:503:5:serial_printf	1216	static
common/console.c:666:13:pre_console_puts	16	static
common/console.c:711:6:putc	32	static
common/console.c:752:6:puts	32	static
common/console.c:675:13:print_pre_console_buffer	4144	static
common/console.c:793:6:flush	0	static
common/console.c:626:5:tstc	16	static
common/console.c:521:5:fgetc.part.0	32	static
common/console.c:603:5:getchar	16	static
common/console.c:356:6:console_puts_select_stderr	0	static
common/console.c:362:5:console_printf_select_stderr	1200	static
common/console.c:475:5:console_start	32	static
common/console.c:492:6:console_stop	32	static
common/console.c:521:5:fgetc	0	static
common/console.c:554:5:ftstc	0	static
common/console.c:562:6:fputc	0	static
common/console.c:568:6:fputs	0	static
common/console.c:575:6:fflush	0	static
common/console.c:582:5:fprintf	1200	static
common/console.c:827:5:console_record_init	16	static
common/console.c:846:6:console_record_reset	16	static
common/console.c:853:5:console_record_reset_enable	16	static
common/console.c:872:5:console_record_avail	0	static
common/console.c:877:6:console_record_isempty	0	static
common/console.c:861:5:console_record_readline	32	static
common/console.c:882:5:console_in_puts	32	static
common/console.c:892:5:ctrlc	16	static
common/console.c:911:5:confirm_yesno	64	static
common/console.c:938:5:disable_ctrlc	0	static
common/console.c:946:5:had_ctrlc	0	static
common/console.c:951:6:clear_ctrlc	0	static
common/console.c:958:19:console_search_dev	32	static
common/console.c:969:5:console_assign	32	static
common/console.c:1012:5:console_announce_r	0	static
common/console.c:1026:5:console_init_f	16	static
common/console.c:1037:5:console_clear	16	static
common/console.c:1101:5:console_init_r	96	static
common/console.c:1251:5:console_remove_by_name	96	static
