common/hash.c:221:27:hash_finish_crc32	16	static
common/hash.c:193:27:hash_finish_crc16_ccitt	16	static
common/hash.c:213:27:hash_update_crc32	32	static
common/hash.c:205:27:hash_init_crc32	32	static
common/hash.c:175:27:hash_init_crc16_ccitt	32	static
common/hash.c:184:27:hash_update_crc16_ccitt	32	static
common/hash.c:136:27:hash_finish_sha512	32	static
common/hash.c:128:27:hash_update_sha512	16	static
common/hash.c:120:27:hash_init_sha512	32	static
common/hash.c:109:27:hash_finish_sha384	32	static
common/hash.c:101:27:hash_update_sha384	16	static
common/hash.c:93:27:hash_init_sha384	32	static
common/hash.c:82:27:hash_finish_sha256	32	static
common/hash.c:74:27:hash_update_sha256	16	static
common/hash.c:66:27:hash_init_sha256	32	static
common/hash.c:55:27:hash_finish_sha1	32	static
common/hash.c:47:27:hash_update_sha1	16	static
common/hash.c:39:27:hash_init_sha1	32	static
common/hash.c:383:5:hash_lookup_algo	64	static
common/hash.c:398:5:hash_progressive_lookup_algo	64	static
common/hash.c:417:5:hash_parse_string	64	static
common/hash.c:437:5:hash_block	80	static
common/hash.c:583:5:hash_command	224	static
