common/miiphyutil.c:39:17:miiphy_get_dev_by_name	48	static
common/miiphyutil.c:58:17:mdio_alloc	32	static
common/miiphyutil.c:74:6:mdio_free	0	static
common/miiphyutil.c:79:5:mdio_register	32	static
common/miiphyutil.c:100:5:mdio_register_seq	32	static
common/miiphyutil.c:112:5:mdio_unregister	0	static
common/miiphyutil.c:126:6:mdio_list_devices	80	static
common/miiphyutil.c:151:5:miiphy_set_current_dev	32	static
common/miiphyutil.c:206:24:miiphy_get_active_dev	32	static
common/miiphyutil.c:166:17:mdio_get_current_dev	0	static
common/miiphyutil.c:171:19:mdio_get_list_head	0	static
common/miiphyutil.c:176:20:mdio_phydev_for_ethname	64	static
common/miiphyutil.c:198:13:miiphy_get_current_dev	0	static
common/miiphyutil.c:230:5:miiphy_read	48	static
common/miiphyutil.c:258:5:miiphy_write	48	static
common/miiphyutil.c:274:6:miiphy_listdev	48	static
common/miiphyutil.c:303:5:miiphy_info	80	static
common/miiphyutil.c:345:5:miiphy_reset	64	static
common/miiphyutil.c:388:5:miiphy_speed	48	static
common/miiphyutil.c:446:5:miiphy_duplex	48	static
common/miiphyutil.c:511:5:miiphy_is_1000base_x	0	static
