lib/fdtdec.c:681:20:get_prop_check_min_len	48	static
lib/fdtdec.c:625:12:fdtdec_prepare_fdt	32	static
lib/fdtdec.c:113:13:fdtdec_get_srcname	0	static
lib/fdtdec.c:118:13:fdtdec_get_compatible	0	static
lib/fdtdec.c:232:5:fdtdec_get_pci_vendev	96	static
lib/fdtdec.c:268:5:fdtdec_get_pci_bar32	32	static
lib/fdtdec.c:285:5:fdtdec_get_pci_bus_range	48	static
lib/fdtdec.c:301:10:fdtdec_get_uint64	48	static
lib/fdtdec.c:314:5:fdtdec_get_is_enabled	16	static
lib/fdtdec.c:331:20:fdtdec_lookup	48	static
lib/fdtdec.c:343:5:fdtdec_next_compatible	0	static
lib/fdtdec.c:348:5:fdtdec_next_compatible_subnode	48	static
lib/fdtdec.c:363:5:fdtdec_next_alias	96	static
lib/fdtdec.c:395:5:fdtdec_add_aliases_for_id	128	dynamic
lib/fdtdec.c:385:5:fdtdec_find_aliases_for_id	64	static
lib/fdtdec.c:510:5:fdtdec_get_alias_seq	96	static
lib/fdtdec.c:563:5:fdtdec_get_alias_highest_id	80	static
lib/fdtdec.c:596:13:fdtdec_get_chosen_prop	32	static
lib/fdtdec.c:606:5:fdtdec_get_chosen_node	32	static
lib/fdtdec.c:644:5:fdtdec_check_fdt	16	static
lib/fdtdec.c:656:5:fdtdec_lookup_phandle	32	static
lib/fdtdec.c:699:5:fdtdec_get_int_array	48	static
lib/fdtdec.c:968:12:decode_timing_property	64	static
lib/fdtdec.c:717:5:fdtdec_get_int_array_count	48	static
lib/fdtdec.c:737:12:fdtdec_locate_array	32	static
lib/fdtdec.c:748:5:fdtdec_get_bool	32	static
lib/fdtdec.c:758:5:fdtdec_parse_phandle_with_args	112	static
lib/fdtdec.c:882:5:fdtdec_get_byte_array	64	static
lib/fdtdec.c:894:11:fdtdec_locate_byte_array	32	static
lib/fdtdec.c:906:5:fdtdec_get_number	0	static
lib/fdtdec.c:125:12:fdtdec_get_addr_size_fixed	96	static
lib/fdtdec.c:171:12:fdtdec_get_addr_size_auto_parent	80	static
lib/fdtdec.c:198:12:fdtdec_get_addr_size_auto_noparent	64	static
lib/fdtdec.c:217:12:fdtdec_get_addr_size	0	static
lib/fdtdec.c:227:12:fdtdec_get_addr	0	static
lib/fdtdec.c:916:5:fdt_get_resource	96	static
lib/fdtdec.c:955:5:fdt_get_named_resource	48	static
lib/fdtdec.c:992:5:fdtdec_decode_display_timing	112	static
lib/fdtdec.c:1060:5:fdtdec_setup_mem_size_base	80	static
lib/fdtdec.c:1086:8:get_next_memory_node	48	static
lib/fdtdec.c:1095:5:fdtdec_setup_memory_banksize	112	static
lib/fdtdec.c:1136:5:fdtdec_setup_mem_size_base_lowest	112	static
lib/fdtdec.c:1287:5:fdtdec_set_ethernet_mac_address	48	static
lib/fdtdec.c:1348:5:fdtdec_add_reserved_memory	208	static
lib/fdtdec.c:1486:5:fdtdec_get_carveout	112	static
lib/fdtdec.c:1587:5:fdtdec_set_carveout	96	static
lib/fdtdec.c:1644:12:fdtdec_board_setup	0	static
lib/fdtdec.c:1684:6:fdtdec_setup_embed	0	static
lib/fdtdec.c:1690:5:fdtdec_setup	48	static
lib/fdtdec.c:1767:5:fdtdec_resetup	0	static
lib/fdtdec.c:1803:5:fdtdec_decode_ram_size	144	static
