lib/lmb.c:90:13:lmb_remove_region	0	static
lib/lmb.c:113:13:lmb_resize_regions	16	static
lib/lmb.c:830:12:lmb_setup	32	static
lib/lmb.c:485:13:lmb_dump_region	128	static
lib/lmb.c:454:12:lmb_map_update_notify	0	static
lib/lmb.c:181:13:lmb_add_region_flags	64	static
lib/lmb.c:265:13:_lmb_free	16	static
lib/lmb.c:345:13:lmb_overlap_checks	0	static
lib/lmb.c:520:13:lmb_reserve	48	static
lib/lmb.c:369:5:io_lmb_setup	32	static
lib/lmb.c:392:6:io_lmb_teardown	32	static
lib/lmb.c:398:6:io_lmb_add	0	static
lib/lmb.c:404:13:io_lmb_alloc	32	static
lib/lmb.c:441:6:io_lmb_free	0	static
lib/lmb.c:506:6:lmb_dump_all_force	16	static
lib/lmb.c:513:6:lmb_dump_all	0	static
lib/lmb.c:649:6:lmb_add	32	static
lib/lmb.c:661:6:lmb_free	48	static
lib/lmb.c:757:5:lmb_alloc_mem	80	static
lib/lmb.c:787:13:lmb_get_free_size	16	static
lib/lmb.c:816:5:lmb_is_reserved_flags	0	static
lib/lmb.c:853:5:lmb_init	64	static
lib/lmb.c:874:13:lmb_get	0	static
lib/lmb.c:880:5:lmb_push	16	static
lib/lmb.c:892:6:lmb_pop	32	static
