lib/string.c:33:5:strncasecmp	0	static
lib/string.c:63:5:strcasecmp	0	static
lib/string.c:76:8:strcpy	0	static
lib/string.c:97:8:strncpy	0	static
lib/string.c:141:8:strcat	0	static
lib/string.c:164:8:strncat	0	static
lib/string.c:210:5:strcmp	0	static
lib/string.c:234:5:strncmp	0	static
lib/string.c:257:8:strchr	0	static
lib/string.c:266:13:strchrnul	0	static
lib/string.c:296:8:strlen	0	static
lib/string.c:280:8:strrchr	16	static
lib/string.c:312:8:strnlen	0	static
lib/string.c:329:8:strcspn	0	static
lib/string.c:347:8:strdup	32	static
lib/string.c:360:8:strndup	32	static
lib/string.c:391:8:strspn	0	static
lib/string.c:417:8:strpbrk	0	static
lib/string.c:439:8:strtok	16	static
lib/string.c:472:8:strsep	16	static
lib/string.c:496:7:strswab	0	static
lib/string.c:525:15:memset	0	static
lib/string.c:564:22:memcpy	0	static
lib/string.c:122:8:strlcpy	16	static
lib/string.c:196:8:strlcat	16	static
lib/string.c:598:22:memmove	16	static
lib/string.c:634:12:memcmp	0	static
lib/string.c:656:8:memscan	0	static
lib/string.c:670:7:memdup	32	static
lib/string.c:693:7:strnstr	16	static
lib/string.c:719:7:strstr	0	static
lib/string.c:735:7:memchr	0	static
lib/string.c:767:7:memchr_inv	0	static
