lib/tpm-v2.c:190:5:tpm2_self_test	32	static
lib/tpm-v2.c:221:5:tpm2_clear	320	static
lib/tpm-v2.c:258:5:tpm2_nv_define_space	336	static
lib/tpm-v2.c:364:5:tpm2_nv_read_value	624	static
lib/tpm-v2.c:405:5:tpm2_nv_write_value	592	static
lib/tpm-v2.c:448:5:tpm2_pcr_read	608	static
lib/tpm-v2.c:494:5:tpm2_get_capability	592	static
lib/tpm-v2.c:572:5:tpm2_send_pcr_allocate	624	static
lib/tpm-v2.c:675:5:tpm2_get_pcr_info	2128	static
lib/tpm-v2.c:738:5:tpm2_dam_reset	304	static
lib/tpm-v2.c:773:5:tpm2_dam_parameters	368	static
lib/tpm-v2.c:822:5:tpm2_change_auth	368	static
lib/tpm-v2.c:867:5:tpm2_pcr_setauthpolicy	384	static
lib/tpm-v2.c:922:5:tpm2_pcr_setauthvalue	368	static
lib/tpm-v2.c:968:5:tpm2_get_random	624	static
lib/tpm-v2.c:1012:5:tpm2_write_lock	288	static
lib/tpm-v2.c:1035:5:tpm2_disable_platform_hierarchy	304	static
lib/tpm-v2.c:1070:5:tpm2_submit_command	0	static
lib/tpm-v2.c:1076:5:tpm2_report_state	320	static
lib/tpm-v2.c:1101:5:tpm2_enable_nvcommits	304	static
lib/tpm-v2.c:1122:6:tpm2_is_active_bank	0	static
lib/tpm-v2.c:26:12:tpm2_update_active_banks	160	static
lib/tpm-v2.c:168:5:tpm2_startup	48	static
lib/tpm-v2.c:202:5:tpm2_auto_start	32	static
lib/tpm-v2.c:1134:22:tpm2_name_to_algorithm	64	static
lib/tpm-v2.c:1147:13:tpm2_algorithm_name	0	static
lib/tpm-v2.c:47:13:tpm2_print_selected_algorithm_name	48	static
lib/tpm-v2.c:527:5:tpm2_pcr_config_algo	80	static
lib/tpm-v2.c:119:12:tpm2_pcr_allocate	160	static
lib/tpm-v2.c:1159:6:tpm2_algorithm_supported	0	static
lib/tpm-v2.c:64:5:tpm2_scan_masks	208	static
lib/tpm-v2.c:142:5:tpm2_activate_banks	48	static
lib/tpm-v2.c:1171:5:tpm2_algorithm_to_len	0	static
lib/tpm-v2.c:1183:6:tpm2_check_active_banks	144	static
lib/tpm-v2.c:313:5:tpm2_pcr_extend	320	static
lib/tpm-v2.c:1202:6:tpm2_print_active_banks	192	static
