lib/tpm-v1.c:34:5:tpm1_startup	304	static
lib/tpm-v1.c:50:5:tpm1_resume	0	static
lib/tpm-v1.c:55:5:tpm1_self_test_full	32	static
lib/tpm-v1.c:63:5:tpm1_continue_self_test	32	static
lib/tpm-v1.c:71:5:tpm1_auto_start	32	static
lib/tpm-v1.c:111:5:tpm1_nv_define_space	448	static
lib/tpm-v1.c:154:5:tpm1_nv_set_locked	0	static
lib/tpm-v1.c:159:5:tpm1_nv_read_value	624	static
lib/tpm-v1.c:193:5:tpm1_nv_write_value	896	static
lib/tpm-v1.c:224:5:tpm1_extend	416	static
lib/tpm-v1.c:256:5:tpm1_pcr_read	576	static
lib/tpm-v1.c:284:5:tpm1_tsc_physical_presence	304	static
lib/tpm-v1.c:300:5:tpm1_finalise_physical_presence	32	static
lib/tpm-v1.c:309:5:tpm1_read_pubek	608	static
lib/tpm-v1.c:340:5:tpm1_force_clear	32	static
lib/tpm-v1.c:349:5:tpm1_physical_enable	32	static
lib/tpm-v1.c:358:5:tpm1_physical_disable	32	static
lib/tpm-v1.c:367:5:tpm1_physical_set_deactivated	304	static
lib/tpm-v1.c:85:5:tpm1_clear_and_reenable	32	static
lib/tpm-v1.c:383:5:tpm1_get_capability	640	static
lib/tpm-v1.c:423:5:tpm1_get_permanent_flags	336	static
lib/tpm-v1.c:462:5:tpm1_get_permissions	592	static
lib/tpm-v1.c:886:5:tpm1_get_random	608	static
