lib/tpm_api.c:13:5:tpm_startup	32	static
lib/tpm_api.c:37:5:tpm_auto_start	32	static
lib/tpm_api.c:58:5:tpm_resume	32	static
lib/tpm_api.c:68:5:tpm_self_test_full	32	static
lib/tpm_api.c:78:5:tpm_continue_self_test	32	static
lib/tpm_api.c:116:5:tpm_nv_enable_locking	32	static
lib/tpm_api.c:126:5:tpm_nv_read_value	48	static
lib/tpm_api.c:136:5:tpm_nv_write_value	48	static
lib/tpm_api.c:147:5:tpm_set_global_lock	0	static
lib/tpm_api.c:152:5:tpm_write_lock	32	static
lib/tpm_api.c:162:5:tpm_pcr_extend	48	static
lib/tpm_api.c:176:5:tpm_pcr_read	48	static
lib/tpm_api.c:186:5:tpm_tsc_physical_presence	32	static
lib/tpm_api.c:201:5:tpm_finalise_physical_presence	32	static
lib/tpm_api.c:213:5:tpm_read_pubek	48	static
lib/tpm_api.c:223:5:tpm_force_clear	32	static
lib/tpm_api.c:88:5:tpm_clear_and_reenable	32	static
lib/tpm_api.c:233:5:tpm_physical_enable	32	static
lib/tpm_api.c:245:5:tpm_physical_disable	32	static
lib/tpm_api.c:257:5:tpm_physical_set_deactivated	32	static
lib/tpm_api.c:268:5:tpm_get_capability	64	static
lib/tpm_api.c:279:5:tpm_get_permissions	48	static
lib/tpm_api.c:289:5:tpm_get_random	48	static
