drivers/mtd/cfi_flash.c:183:22:flash_get_info	0	static
drivers/mtd/cfi_flash.c:226:13:flash_make_cmd	16	static
drivers/mtd/cfi_flash.c:761:21:find_sector	0	static
drivers/mtd/cfi_flash.c:1645:13:cfi_reverse_geometry	0	static
drivers/mtd/cfi_flash.c:2499:12:cfi_flash_probe	64	static
drivers/mtd/cfi_flash.c:715:13:flash_add_byte.isra	0	static
drivers/mtd/cfi_flash.c:116:13:cfi_flash_bank_addr	0	static
drivers/mtd/cfi_flash.c:127:22:cfi_flash_bank_size	0	static
drivers/mtd/cfi_flash.c:136:19:flash_write8	0	static
drivers/mtd/cfi_flash.c:141:19:flash_write16	0	static
drivers/mtd/cfi_flash.c:146:19:flash_write32	0	static
drivers/mtd/cfi_flash.c:151:19:flash_write64	0	static
drivers/mtd/cfi_flash.c:358:13:flash_write_cmd	32	static
drivers/mtd/cfi_flash.c:406:13:flash_unlock_seq	32	static
drivers/mtd/cfi_flash.c:157:17:flash_read8	0	static
drivers/mtd/cfi_flash.c:162:18:flash_read16	0	static
drivers/mtd/cfi_flash.c:167:18:flash_read32	0	static
drivers/mtd/cfi_flash.c:172:18:flash_read64	0	static
drivers/mtd/cfi_flash.c:462:12:flash_isset	32	static
drivers/mtd/cfi_flash.c:570:12:flash_status_check	96	static
drivers/mtd/cfi_flash.c:609:12:flash_full_status_check	48	static
drivers/mtd/cfi_flash.c:787:12:flash_write_cfiword	64	static
drivers/mtd/cfi_flash.c:414:12:flash_isequal.constprop	32	static
drivers/mtd/cfi_flash.c:199:15:flash_sector_size	0	static
drivers/mtd/cfi_flash.c:1057:5:flash_erase	80	static
drivers/mtd/cfi_flash.c:1207:6:flash_print_info	80	static
drivers/mtd/cfi_flash.c:1319:5:write_buff	144	static
drivers/mtd/cfi_flash.c:1883:13:__flash_cmd_reset	32	static
drivers/mtd/cfi_flash.c:1898:12:__flash_detect_cfi	64	static
drivers/mtd/cfi_flash.c:2099:7:flash_get_size	208	static
drivers/mtd/cfi_flash.c:2323:6:flash_set_verbose	0	static
drivers/mtd/cfi_flash.c:2405:15:flash_init	80	static
