drivers/mtd/mtdpart.c:324:22:part_get_unmapped_area	0	static
drivers/mtd/mtdpart.c:370:12:part_read_user_prot_reg	0	static
drivers/mtd/mtdpart.c:377:12:part_get_user_prot_info	0	static
drivers/mtd/mtdpart.c:384:12:part_read_fact_prot_reg	0	static
drivers/mtd/mtdpart.c:391:12:part_get_fact_prot_info	0	static
drivers/mtd/mtdpart.c:398:12:part_write	0	static
drivers/mtd/mtdpart.c:405:12:part_panic_write	0	static
drivers/mtd/mtdpart.c:412:12:part_write_oob	0	static
drivers/mtd/mtdpart.c:422:12:part_write_user_prot_reg	0	static
drivers/mtd/mtdpart.c:429:12:part_lock_user_prot_reg	0	static
drivers/mtd/mtdpart.c:444:12:part_erase	32	static
drivers/mtd/mtdpart.c:459:12:part_lock	0	static
drivers/mtd/mtdpart.c:464:12:part_unlock	0	static
drivers/mtd/mtdpart.c:469:12:part_is_locked	0	static
drivers/mtd/mtdpart.c:474:13:part_sync	0	static
drivers/mtd/mtdpart.c:491:12:part_block_isreserved	0	static
drivers/mtd/mtdpart.c:497:12:part_block_isbad	0	static
drivers/mtd/mtdpart.c:503:12:part_block_markbad	32	static
drivers/mtd/mtdpart.c:1074:27:part_get_info_mtd	0	static
drivers/mtd/mtdpart.c:1100:28:part_print_mtd	0	static
drivers/mtd/mtdpart.c:95:12:mtd_parse_partition	80	static
drivers/mtd/mtdpart.c:333:12:part_read_oob	32	static
drivers/mtd/mtdpart.c:292:12:part_read	48	static
drivers/mtd/mtdpart.c:1113:12:part_test_mtd	0	static
drivers/mtd/mtdpart.c:51:7:kstrdup	48	static
drivers/mtd/mtdpart.c:562:25:allocate_partition.isra	64	static
drivers/mtd/mtdpart.c:70:6:mtd_partitions_used	0	static
drivers/mtd/mtdpart.c:206:5:mtd_parse_partitions	144	static
drivers/mtd/mtdpart.c:276:6:mtd_free_parsed_partitions	48	static
drivers/mtd/mtdpart.c:549:5:del_mtd_partitions	80	static
drivers/mtd/mtdpart.c:857:5:add_mtd_partitions	80	static
drivers/mtd/mtdpart.c:885:5:add_mtd_partitions_of	112	static
drivers/mtd/mtdpart.c:1052:10:mtd_get_device_size	0	static
