drivers/dfu/dfu.c:32:12:on_dfu_alt_info	0	static
drivers/dfu/dfu.c:261:12:dfu_write_buffer_drain	48	static
drivers/dfu/dfu.c:50:13:dfu_flush_callback	0	static
drivers/dfu/dfu.c:58:13:dfu_initiated_callback	0	static
drivers/dfu/dfu.c:66:13:dfu_error_callback	0	static
drivers/dfu/dfu.c:81:13:dfu_usb_get_reset	0	static
drivers/dfu/dfu.c:202:16:dfu_free_buf	32	static
drivers/dfu/dfu.c:209:15:dfu_get_buf_size	0	static
drivers/dfu/dfu.c:214:16:dfu_get_buf	48	static
drivers/dfu/dfu.c:290:6:dfu_transaction_cleanup	32	static
drivers/dfu/dfu.c:306:5:dfu_transaction_initiate	32	static
drivers/dfu/dfu.c:333:5:dfu_flush	32	static
drivers/dfu/dfu.c:355:5:dfu_write	64	static
drivers/dfu/dfu.c:480:5:dfu_read	96	static
drivers/dfu/dfu.c:587:6:dfu_free_entities	48	static
drivers/dfu/dfu.c:605:5:dfu_alt_init	48	static
drivers/dfu/dfu.c:628:5:dfu_alt_add	144	static
drivers/dfu/dfu.c:120:5:dfu_config_interfaces	96	static
drivers/dfu/dfu.c:647:5:dfu_config_entities	96	static
drivers/dfu/dfu.c:163:5:dfu_init_env_entities	48	static
drivers/dfu/dfu.c:669:13:dfu_get_dev_type	112	static
drivers/dfu/dfu.c:676:13:dfu_get_layout	112	static
drivers/dfu/dfu.c:684:6:dfu_show_entities	64	static
drivers/dfu/dfu.c:697:5:dfu_get_alt_number	0	static
drivers/dfu/dfu.c:702:20:dfu_get_entity	0	static
drivers/dfu/dfu.c:714:5:dfu_get_alt	64	static
drivers/dfu/dfu.c:751:5:dfu_write_from_mem_addr	80	static
