arch/arm/cpu/armv8/cache_v8.c:430:13:count_range	80	static
arch/arm/cpu/armv8/cache_v8.c:512:13:__pagetable_walk	160	static
arch/arm/cpu/armv8/cache_v8.c:292:13:create_table	32	static
arch/arm/cpu/armv8/cache_v8.c:320:13:split_block	48	static
arch/arm/cpu/armv8/cache_v8.c:350:13:map_range	112	static
arch/arm/cpu/armv8/cache_v8.c:42:12:get_effective_el	0	static
arch/arm/cpu/armv8/cache_v8.c:706:13:pagetable_print_entry	80	static
arch/arm/cpu/armv8/cache_v8.c:61:5:mem_map_from_dram_banks	16	static
arch/arm/cpu/armv8/cache_v8.c:109:5:get_tcr	16	static
arch/arm/cpu/armv8/cache_v8.c:937:12:set_one_region	48	static
arch/arm/cpu/armv8/cache_v8.c:391:6:mmu_map_region	64	static
arch/arm/cpu/armv8/cache_v8.c:723:6:walk_pagetable	0	static
arch/arm/cpu/armv8/cache_v8.c:728:6:dump_pagetable	32	static
arch/arm/cpu/armv8/cache_v8.c:738:12:get_page_table_size	32	static
arch/arm/cpu/armv8/cache_v8.c:761:6:setup_pgtables	64	static
arch/arm/cpu/armv8/cache_v8.c:780:13:setup_all_pgtables	32	static
arch/arm/cpu/armv8/cache_v8.c:802:13:mmu_setup	16	static
arch/arm/cpu/armv8/cache_v8.c:821:6:invalidate_dcache_all	16	static
arch/arm/cpu/armv8/cache_v8.c:836:13:flush_dcache_all	16	static
arch/arm/cpu/armv8/cache_v8.c:856:6:invalidate_dcache_range	0	static
arch/arm/cpu/armv8/cache_v8.c:864:6:flush_dcache_range	0	static
arch/arm/cpu/armv8/cache_v8.c:894:6:dcache_disable	16	static
arch/arm/cpu/armv8/cache_v8.c:920:5:dcache_status	0	static
arch/arm/cpu/armv8/cache_v8.c:925:13:arch_get_page_table	16	static
arch/arm/cpu/armv8/cache_v8.c:973:6:mmu_set_region_dcache_behaviour	64	static
arch/arm/cpu/armv8/cache_v8.c:1023:6:mmu_change_region_attr_nobreak	48	static
arch/arm/cpu/armv8/cache_v8.c:84:5:mmu_unmap_reserved_mem	192	static
arch/arm/cpu/armv8/cache_v8.c:1056:6:mmu_change_region_attr	64	static
arch/arm/cpu/armv8/cache_v8.c:1088:5:pgprot_set_attrs	16	static
arch/arm/cpu/armv8/cache_v8.c:1175:6:icache_disable	0	static
arch/arm/cpu/armv8/cache_v8.c:1180:5:icache_status	0	static
arch/arm/cpu/armv8/cache_v8.c:1185:6:invalidate_icache_all	16	static
arch/arm/cpu/armv8/cache_v8.c:1169:6:icache_enable	16	static
arch/arm/cpu/armv8/cache_v8.c:1212:5:mmu_status	0	static
arch/arm/cpu/armv8/cache_v8.c:878:6:dcache_enable	16	static
arch/arm/cpu/armv8/cache_v8.c:1221:13:enable_caches	16	static
arch/arm/cpu/armv8/cache_v8.c:1227:6:arch_dump_mem_attrs	16	static
