drivers/serial/serial-uclass.c:236:13:_serial_flush	32	static
drivers/serial/serial-uclass.c:246:13:_serial_putc	48	static
drivers/serial/serial-uclass.c:319:12:__serial_tstc	0	static
drivers/serial/serial-uclass.c:470:13:serial_stub_putc	0	static
drivers/serial/serial-uclass.c:475:13:serial_stub_puts	32	static
drivers/serial/serial-uclass.c:481:13:serial_stub_flush	0	static
drivers/serial/serial-uclass.c:492:12:serial_stub_tstc	0	static
drivers/serial/serial-uclass.c:305:12:__serial_getc	32	static
drivers/serial/serial-uclass.c:487:12:serial_stub_getc	0	static
drivers/serial/serial-uclass.c:597:12:serial_pre_remove	16	static
drivers/serial/serial-uclass.c:562:12:serial_post_probe	176	static
drivers/serial/serial-uclass.c:177:5:fetch_baud_from_dtb	16	static
drivers/serial/serial-uclass.c:375:6:serial_putc	0	static
drivers/serial/serial-uclass.c:381:6:serial_puts	32	static
drivers/serial/serial-uclass.c:388:6:serial_flush	0	static
drivers/serial/serial-uclass.c:397:5:serial_getc	0	static
drivers/serial/serial-uclass.c:405:5:serial_tstc	0	static
drivers/serial/serial-uclass.c:413:6:serial_setbrg	0	static
drivers/serial/serial-uclass.c:190:5:serial_init	48	static
drivers/serial/serial-uclass.c:222:5:serial_initialize	0	static
drivers/serial/serial-uclass.c:504:12:on_baudrate	48	static
drivers/serial/serial-uclass.c:425:5:serial_getconfig	0	static
drivers/serial/serial-uclass.c:436:5:serial_setconfig	0	static
drivers/serial/serial-uclass.c:447:5:serial_getinfo	0	static
drivers/serial/serial-uclass.c:463:6:serial_stdio_init	0	static
