drivers/virtio/virtio-uclass.c:190:12:virtio_uclass_pre_probe	0	static
drivers/virtio/virtio-uclass.c:212:12:virtio_uclass_post_probe	96	static
drivers/virtio/virtio-uclass.c:362:12:virtio_bootdev_bind	16	static
drivers/virtio/virtio-uclass.c:371:12:virtio_bootdev_hunt	16	static
drivers/virtio/virtio-uclass.c:35:5:virtio_get_config	0	static
drivers/virtio/virtio-uclass.c:45:5:virtio_set_config	0	static
drivers/virtio/virtio-uclass.c:55:5:virtio_generation	0	static
drivers/virtio/virtio-uclass.c:66:5:virtio_get_status	0	static
drivers/virtio/virtio-uclass.c:75:5:virtio_set_status	0	static
drivers/virtio/virtio-uclass.c:84:5:virtio_reset	0	static
drivers/virtio/virtio-uclass.c:93:5:virtio_get_features	0	static
drivers/virtio/virtio-uclass.c:102:5:virtio_set_features	0	static
drivers/virtio/virtio-uclass.c:111:5:virtio_find_vqs	0	static
drivers/virtio/virtio-uclass.c:121:5:virtio_del_vqs	0	static
drivers/virtio/virtio-uclass.c:130:5:virtio_notify	0	static
drivers/virtio/virtio-uclass.c:139:6:virtio_add_status	48	static
drivers/virtio/virtio-uclass.c:354:12:virtio_uclass_child_post_probe	16	static
drivers/virtio/virtio-uclass.c:260:12:virtio_uclass_child_post_bind	16	static
drivers/virtio/virtio-uclass.c:147:5:virtio_finalize_features	48	static
drivers/virtio/virtio-uclass.c:268:12:virtio_uclass_child_pre_probe	96	static
drivers/virtio/virtio-uclass.c:172:6:virtio_driver_features_init	0	static
drivers/virtio/virtio-uclass.c:184:5:virtio_init	0	static
