fs/fat/fat.c:38:13:downcase	0	static
fs/fat/fat.c:840:13:fat_itr_child	0	static
fs/fat/fat.c:53:12:disk_read	32	static
fs/fat/fat_write.c:195:12:disk_write	32	static
fs/fat/fat_write.c:218:12:flush_dirty_fat_buffer	48	static
fs/fat/fat.c:169:14:get_fatent	80	static
fs/fat/fat.c:259:1:get_cluster	96	dynamic
fs/fat/fat.c:567:1:read_bootsectandvi	64	static
fs/fat/fat.c:806:12:fat_itr_root	144	static
fs/fat/fat_write.c:579:1:set_sectors	96	dynamic
fs/fat/fat.c:1259:28:fat2rtc	32	static
fs/fat/fat_write.c:1449:12:normalize_longname	64	static
fs/fat/fat_write.c:50:12:str2fat	64	static
fs/fat/fat_write.c:1159:13:dentry_set_time	80	static
fs/fat/fat_write.c:1367:12:split_filename.isra	64	static
fs/fat/fat_write.c:441:12:set_fatent_value.isra	80	static
fs/fat/fat_write.c:865:12:clear_fatent	64	static
fs/fat/fat_write.c:548:14:determine_fatent	48	static
fs/fat/fat_write.c:655:12:flush_dir	16	static
fs/fat/fat_write.c:1629:12:delete_single_dentry	32	static
fs/fat/fat_write.c:929:1:set_contents	176	static
fs/fat/fat.c:68:5:fat_set_blk_dev	64	dynamic
fs/fat/fat.c:97:5:fat_register_device	176	static
fs/fat/fat.c:874:7:fat_next_cluster	48	static
fs/fat/fat.c:941:19:next_dent	48	static
fs/fat/fat.c:1026:12:fat_itr_next	96	static
fs/fat/fat.c:1123:12:fat_itr_resolve	80	static
fs/fat/fat_write.c:1343:19:find_directory_entry	48	static
fs/fat/fat_write.c:1586:12:fat_dir_entries	96	static
fs/fat/fat_write.c:396:1:fill_dir_slot	720	static
fs/fat/fat_write.c:78:12:fat_move_to_cluster	48	static
fs/fat/fat_write.c:1225:12:fat_itr_parent	32	static
fs/fat/fat_write.c:1247:12:update_parent_dir_props	66080	static
fs/fat/fat_write.c:1309:12:create_link	176	static
fs/fat/fat_write.c:1672:12:delete_dentry_link	32	static
fs/fat/fat_write.c:1927:12:check_path_prefix	66080	static
fs/fat/fat.c:1201:5:file_fat_detectfs	160	static
fs/fat/fat.c:1232:5:fat_exists	112	static
fs/fat/fat.c:1274:5:fat_size	112	static
fs/fat/fat.c:1311:5:fat_read_file	176	static
fs/fat/fat.c:1343:5:file_fat_read	32	static
fs/fat/fat.c:1362:5:fat_opendir	64	static
fs/fat/fat.c:1390:5:fat_readdir	48	static
fs/fat/fat.c:1421:6:fat_closedir	32	static
fs/fat/fat.c:1428:6:fat_close	0	static
fs/fat/fat.c:1432:5:fat_uuid	144	static
fs/fat/fat_write.c:1471:5:file_fat_write_at	432	static
fs/fat/fat_write.c:1580:5:file_fat_write	0	static
fs/fat/fat_write.c:1723:5:fat_unlink	144	static
fs/fat/fat_write.c:1788:5:fat_mkdir	416	static
fs/fat/fat_write.c:1986:5:fat_rename	528	static
