test/lib/lmb.c:21:12:check_lmb	32	static
test/lib/lmb.c:61:12:setup_lmb_test	64	static
test/lib/lmb.c:74:12:lmb_reserve	32	static
test/lib/lmb.c:495:12:lib_test_lmb_overlapping_reserve	176	static
test/lib/lmb.c:880:12:lib_test_lmb_flags	192	static
test/lib/lmb.c:85:20:lmb_alloc	32	static
test/lib/lmb.c:286:12:test_bigblock	176	static
test/lib/lmb.c:452:12:lib_test_lmb_at_0	160	static
test/lib/lmb.c:586:12:test_alloc_addr	192	static
test/lib/lmb.c:809:12:test_get_unreserved_size	160	static
test/lib/lmb.c:340:12:lib_test_lmb_big	32	static
test/lib/lmb.c:794:12:lib_test_lmb_alloc_addr	32	static
test/lib/lmb.c:866:12:lib_test_lmb_get_free_size	32	static
test/lib/lmb.c:97:20:lmb_alloc_base.constprop	32	static
test/lib/lmb.c:113:12:test_multi_alloc.constprop	256	static
test/lib/lmb.c:355:12:test_noreserved	208	static
test/lib/lmb.c:420:12:lib_test_lmb_noreserved	32	static
test/lib/lmb.c:434:12:lib_test_lmb_unaligned_size	32	static
test/lib/lmb.c:271:12:lib_test_lmb_simple_x2	32	static
test/lib/lmb.c:256:12:lib_test_lmb_simple	32	static
