test/lib/unicode.c:300:12:unicode_test_u16_strcmp	0	static
test/lib/unicode.c:56:12:unicode_test_u16_strlen	48	static
test/lib/unicode.c:66:12:unicode_test_u16_strnlen	64	static
test/lib/unicode.c:77:12:unicode_test_u16_strdup	192	static
test/lib/unicode.c:89:12:unicode_test_u16_strcpy	224	static
test/lib/unicode.c:104:12:unicode_test_string16	112	static
test/lib/unicode.c:176:12:unicode_test_utf8_get	80	static
test/lib/unicode.c:220:12:unicode_test_utf8_put	80	static
test/lib/unicode.c:258:12:unicode_test_utf8_utf16_strlen	64	static
test/lib/unicode.c:274:12:unicode_test_utf8_utf16_strnlen	80	static
test/lib/unicode.c:311:12:unicode_test_utf8_utf16_strcpy	112	static
test/lib/unicode.c:356:12:unicode_test_utf8_utf16_strncpy	112	static
test/lib/unicode.c:400:12:unicode_test_utf16_get	80	static
test/lib/unicode.c:426:12:unicode_test_utf16_put	80	static
test/lib/unicode.c:454:12:unicode_test_utf16_strnlen	64	static
test/lib/unicode.c:472:12:unicode_test_utf16_utf8_strlen	48	static
test/lib/unicode.c:488:12:unicode_test_utf16_utf8_strnlen	48	static
test/lib/unicode.c:500:12:unicode_test_utf16_utf8_strcpy	96	static
test/lib/unicode.c:545:12:unicode_test_utf16_utf8_strncpy	96	static
test/lib/unicode.c:589:12:unicode_test_utf_to_lower	48	static
test/lib/unicode.c:606:12:unicode_test_utf_to_upper	48	static
test/lib/unicode.c:623:12:unicode_test_u16_strcasecmp	48	static
test/lib/unicode.c:648:12:unicode_test_u16_strncmp	48	static
test/lib/unicode.c:661:12:unicode_test_u16_strsize	48	static
test/lib/unicode.c:671:12:unicode_test_utf_to_cp	80	static
test/lib/unicode.c:700:13:utf8_to_cp437_stream_helper	48	static
test/lib/unicode.c:714:12:unicode_test_utf8_to_cp437_stream	48	static
test/lib/unicode.c:731:13:utf8_to_utf32_stream_helper	48	static
test/lib/unicode.c:745:12:unicode_test_utf8_to_utf32_stream	432	static
test/lib/unicode.c:781:12:unicode_test_efi_create_indexed_name	288	static
test/lib/unicode.c:798:12:unicode_test_u16_strlcat	208	static
