drivers/video/vidconsole-uclass.c:740:12:vidconsole_pre_probe	32	static
drivers/video/vidconsole-uclass.c:116:14:parsenum	48	static
drivers/video/vidconsole-uclass.c:752:12:vidconsole_post_probe	32	static
drivers/video/vidconsole-uclass.c:23:5:vidconsole_putc_xy	0	static
drivers/video/vidconsole-uclass.c:32:5:vidconsole_move_rows	0	static
drivers/video/vidconsole-uclass.c:42:5:vidconsole_set_row	0	static
drivers/video/vidconsole-uclass.c:85:13:vidconsole_newline	48	static
drivers/video/vidconsole-uclass.c:51:5:vidconsole_entry_start	0	static
drivers/video/vidconsole-uclass.c:123:6:vidconsole_set_cursor_pos	48	static
drivers/video/vidconsole-uclass.c:594:5:vidconsole_get_font	0	static
drivers/video/vidconsole-uclass.c:582:6:vidconsole_list_fonts	64	static
drivers/video/vidconsole-uclass.c:605:5:vidconsole_get_font_size	32	static
drivers/video/vidconsole-uclass.c:616:5:vidconsole_select_font	0	static
drivers/video/vidconsole-uclass.c:626:5:vidconsole_measure	96	static
drivers/video/vidconsole-uclass.c:651:5:vidconsole_nominal	64	static
drivers/video/vidconsole-uclass.c:673:5:vidconsole_entry_save	32	static
drivers/video/vidconsole-uclass.c:690:5:vidconsole_entry_restore	16	static
drivers/video/vidconsole-uclass.c:704:5:vidconsole_set_cursor_visible	16	static
drivers/video/vidconsole-uclass.c:719:6:vidconsole_push_colour	48	static
drivers/video/vidconsole-uclass.c:731:6:vidconsole_pop_colour	32	static
drivers/video/vidconsole-uclass.c:795:6:vidconsole_position_cursor	48	static
drivers/video/vidconsole-uclass.c:143:13:set_cursor_position	48	static
drivers/video/vidconsole-uclass.c:461:5:vidconsole_put_char	64	static
drivers/video/vidconsole-uclass.c:514:5:vidconsole_put_stringn	48	static
drivers/video/vidconsole-uclass.c:530:5:vidconsole_put_string	0	static
drivers/video/vidconsole-uclass.c:557:13:vidconsole_puts	32	static
drivers/video/vidconsole-uclass.c:535:13:vidconsole_putc	32	static
drivers/video/vidconsole-uclass.c:783:5:vidconsole_clear_and_reset	32	static
drivers/video/vidconsole-uclass.c:807:6:vidconsole_set_quiet	32	static
