drivers/video/video-uclass.c:780:27:video_destroy	32	static
drivers/video/video-uclass.c:102:14:alloc_fb.isra	32	static
drivers/video/video-uclass.c:745:12:video_post_bind	48	static
drivers/video/video-uclass.c:82:6:video_set_flush_dcache	32	static
drivers/video/video-uclass.c:127:5:video_reserve	48	static
drivers/video/video-uclass.c:155:7:video_get_fb	32	static
drivers/video/video-uclass.c:169:5:video_fill_part	64	static
drivers/video/video-uclass.c:220:5:video_draw_box	128	static
drivers/video/video-uclass.c:254:5:video_reserve_from_bloblist	0	static
drivers/video/video-uclass.c:336:5:video_index_to_colour	0	static
drivers/video/video-uclass.c:378:6:video_set_default_colors	32	static
drivers/video/video-uclass.c:494:5:video_sync	48	static
drivers/video/video-uclass.c:267:5:video_fill	32	static
drivers/video/video-uclass.c:302:5:video_clear	32	static
drivers/video/video-uclass.c:634:12:video_post_probe	128	static
drivers/video/video-uclass.c:534:6:video_sync_all	32	static
drivers/video/video-uclass.c:616:13:video_idle	0	static
drivers/video/video-uclass.c:550:6:video_is_active	32	static
drivers/video/video-uclass.c:568:5:video_get_xsize	16	static
drivers/video/video-uclass.c:575:5:video_get_ysize	16	static
drivers/video/video-uclass.c:590:7:video_get_u_boot_logo	0	static
drivers/video/video-uclass.c:605:5:video_default_font_height	16	static
drivers/video/video-uclass.c:621:6:video_set_white_on_black	32	static
