drivers/core/ofnode.c:249:5:oftree_new	0	static
drivers/core/ofnode.c:256:5:oftree_to_fdt	32	static
drivers/core/ofnode.c:340:5:ofnode_read_u8	48	static
drivers/core/ofnode.c:363:4:ofnode_read_u8_default	32	static
drivers/core/ofnode.c:371:5:ofnode_read_u16	48	static
drivers/core/ofnode.c:394:5:ofnode_read_u16_default	32	static
drivers/core/ofnode.c:415:5:ofnode_read_u32_index	48	static
drivers/core/ofnode.c:402:5:ofnode_read_u32	0	static
drivers/core/ofnode.c:407:5:ofnode_read_u32_default	32	static
drivers/core/ofnode.c:446:5:ofnode_read_u64_index	48	static
drivers/core/ofnode.c:476:5:ofnode_read_u32_index_default	32	static
drivers/core/ofnode.c:485:5:ofnode_read_s32_default	32	static
drivers/core/ofnode.c:493:5:ofnode_read_u64	48	static
drivers/core/ofnode.c:517:5:ofnode_read_u64_default	32	static
drivers/core/ofnode.c:539:13:ofnode_read_prop	48	static
drivers/core/ofnode.c:571:13:ofnode_read_string	48	static
drivers/core/ofnode.c:589:5:ofnode_read_size	32	static
drivers/core/ofnode.c:599:8:ofnode_find_subnode	16	static
drivers/core/ofnode.c:640:5:ofnode_read_u32_array	16	static
drivers/core/ofnode.c:1197:12:decode_timing_property	48	static
drivers/core/ofnode.c:668:6:ofnode_is_enabled	16	static
drivers/core/ofnode.c:678:8:ofnode_first_subnode	16	static
drivers/core/ofnode.c:688:8:ofnode_next_subnode	16	static
drivers/core/ofnode.c:699:8:ofnode_get_parent	16	static
drivers/core/ofnode.c:713:13:ofnode_get_name	0	static
drivers/core/ofnode.c:304:6:ofnode_name_eq	48	static
drivers/core/ofnode.c:317:6:ofnode_name_eq_unit	48	static
drivers/core/ofnode.c:620:8:ofnode_find_subnode_unit	48	static
drivers/core/ofnode.c:726:5:ofnode_get_path	16	static
drivers/core/ofnode.c:751:8:ofnode_get_by_phandle	16	static
drivers/core/ofnode.c:764:8:oftree_get_by_phandle	16	static
drivers/core/ofnode.c:850:5:ofnode_stringlist_search	16	static
drivers/core/ofnode.c:871:5:ofnode_read_string_index	48	static
drivers/core/ofnode.c:889:5:ofnode_read_string_count	0	static
drivers/core/ofnode.c:899:5:ofnode_read_string_list	64	static
drivers/core/ofnode.c:925:8:ofnode_parse_phandle	96	static
drivers/core/ofnode.c:954:8:oftree_parse_phandle	96	static
drivers/core/ofnode.c:1001:5:ofnode_parse_phandle_with_args	112	static
drivers/core/ofnode.c:1033:5:oftree_parse_phandle_with_args	112	static
drivers/core/ofnode.c:1066:5:ofnode_count_phandle_with_args	0	static
drivers/core/ofnode.c:1078:5:oftree_count_phandle_with_args	0	static
drivers/core/ofnode.c:1090:8:ofnode_path	16	static
drivers/core/ofnode.c:1098:8:oftree_root	0	static
drivers/core/ofnode.c:1107:8:oftree_path	16	static
drivers/core/ofnode.c:1121:13:ofnode_read_chosen_prop	32	static
drivers/core/ofnode.c:1130:13:ofnode_read_chosen_string	0	static
drivers/core/ofnode.c:1135:8:ofnode_get_chosen_node	16	static
drivers/core/ofnode.c:1146:5:ofnode_read_baud	16	static
drivers/core/ofnode.c:1164:13:ofnode_read_aliases_prop	32	static
drivers/core/ofnode.c:1173:8:ofnode_get_aliases_node	16	static
drivers/core/ofnode.c:1186:5:ofnode_get_child_count	32	static
drivers/core/ofnode.c:1335:13:ofnode_get_property	0	static
drivers/core/ofnode.c:1344:6:ofnode_has_property	16	static
drivers/core/ofnode.c:525:6:ofnode_read_bool	0	static
drivers/core/ofnode.c:1220:5:ofnode_decode_display_timing	112	static
drivers/core/ofnode.c:1288:5:ofnode_decode_panel_timing	64	static
drivers/core/ofnode.c:1352:5:ofnode_first_property	32	static
drivers/core/ofnode.c:1371:5:ofnode_next_property	32	static
drivers/core/ofnode.c:1389:13:ofprop_get_property	0	static
drivers/core/ofnode.c:1401:12:ofnode_get_addr_size	0	static
drivers/core/ofnode.c:1427:16:ofnode_read_u8_array_ptr	0	static
drivers/core/ofnode.c:1445:5:ofnode_read_pci_addr	64	static
drivers/core/ofnode.c:1504:5:ofnode_read_pci_vendev	96	static
drivers/core/ofnode.c:1540:5:ofnode_read_eth_phy_id	96	static
drivers/core/ofnode.c:1576:5:ofnode_read_addr_cells	16	static
drivers/core/ofnode.c:1588:5:ofnode_read_size_cells	16	static
drivers/core/ofnode.c:1600:5:ofnode_read_simple_addr_cells	0	static
drivers/core/ofnode.c:1609:5:ofnode_read_simple_size_cells	0	static
drivers/core/ofnode.c:778:19:__ofnode_get_addr_size_index	64	static
drivers/core/ofnode.c:818:12:ofnode_get_addr_size_index	0	static
drivers/core/ofnode.c:829:12:ofnode_get_addr_index	32	static
drivers/core/ofnode.c:836:12:ofnode_get_addr	0	static
drivers/core/ofnode.c:841:12:ofnode_get_size	32	static
drivers/core/ofnode.c:823:12:ofnode_get_addr_size_index_notrans	0	static
drivers/core/ofnode.c:1618:6:ofnode_pre_reloc	32	static
drivers/core/ofnode.c:1644:5:ofnode_read_resource	48	static
drivers/core/ofnode.c:1665:5:ofnode_read_resource_byname	32	static
drivers/core/ofnode.c:1677:5:ofnode_translate_address	0	static
drivers/core/ofnode.c:1686:5:ofnode_translate_dma_address	0	static
drivers/core/ofnode.c:1695:5:ofnode_get_dma_range	0	static
drivers/core/ofnode.c:1705:5:ofnode_device_is_compatible	16	static
drivers/core/ofnode.c:1716:8:ofnode_by_compatible	16	static
drivers/core/ofnode.c:1729:8:ofnode_by_prop_value	16	static
drivers/core/ofnode.c:1744:5:ofnode_write_prop	64	static
drivers/core/ofnode.c:1773:5:ofnode_write_string	48	static
drivers/core/ofnode.c:1783:5:ofnode_write_u32	48	static
drivers/core/ofnode.c:1798:5:ofnode_write_u64	48	static
drivers/core/ofnode.c:1821:5:ofnode_delete_prop	0	static
drivers/core/ofnode.c:1813:5:ofnode_write_bool	0	static
drivers/core/ofnode.c:1837:5:ofnode_set_enabled	0	static
drivers/core/ofnode.c:1847:6:ofnode_conf_read_bool	32	static
drivers/core/ofnode.c:1858:5:ofnode_conf_read_int	32	static
drivers/core/ofnode.c:1869:13:ofnode_conf_read_str	32	static
drivers/core/ofnode.c:1880:6:ofnode_options_read_bool	32	static
drivers/core/ofnode.c:1891:5:ofnode_options_read_int	32	static
drivers/core/ofnode.c:1902:13:ofnode_options_read_str	32	static
drivers/core/ofnode.c:1913:5:ofnode_options_get_by_phandle	32	static
drivers/core/ofnode.c:1928:5:ofnode_read_bootscript_address	48	static
drivers/core/ofnode.c:1953:5:ofnode_read_bootscript_flash	48	static
drivers/core/ofnode.c:1987:8:ofnode_get_phy_node	128	static
drivers/core/ofnode.c:2008:17:ofnode_read_phy_mode	48	static
drivers/core/ofnode.c:2031:5:ofnode_add_subnode	48	static
drivers/core/ofnode.c:2066:5:ofnode_delete	32	static
drivers/core/ofnode.c:2089:5:ofnode_copy_props	64	static
drivers/core/ofnode.c:2113:5:ofnode_copy_node	48	static
