drivers/core/uclass.c:26:16:uclass_find	0	static
drivers/core/uclass.c:111:5:uclass_destroy	48	static
drivers/core/uclass.c:145:5:uclass_get	64	static
drivers/core/uclass.c:422:12:uclass_find_device_by_phandle_id	80	static
drivers/core/uclass.c:164:13:uclass_get_name	32	static
drivers/core/uclass.c:173:7:uclass_get_priv	0	static
drivers/core/uclass.c:178:6:uclass_set_priv	0	static
drivers/core/uclass.c:183:16:uclass_get_by_namelen	48	static
drivers/core/uclass.c:198:16:uclass_get_by_name	32	static
drivers/core/uclass.c:203:5:dev_get_uclass_index	0	static
drivers/core/uclass.c:224:5:uclass_find_device	48	static
drivers/core/uclass.c:247:5:uclass_find_first_device	48	static
drivers/core/uclass.c:264:6:uclass_find_next_device	0	static
drivers/core/uclass.c:607:13:_uclass_next_device	48	static
drivers/core/uclass.c:274:5:uclass_find_device_by_namelen	80	static
drivers/core/uclass.c:299:5:uclass_find_device_by_name	48	static
drivers/core/uclass.c:305:17:uclass_try_first_device	16	static
drivers/core/uclass.c:316:5:uclass_find_next_free_seq	32	static
drivers/core/uclass.c:339:5:uclass_find_device_by_seq	48	static
drivers/core/uclass.c:366:5:uclass_find_device_by_of_offset	48	static
drivers/core/uclass.c:390:5:uclass_find_device_by_ofnode	48	static
drivers/core/uclass.c:448:5:uclass_find_device_by_phandle	32	static
drivers/core/uclass.c:462:5:uclass_get_device_by_driver	64	static
drivers/core/uclass.c:482:5:uclass_get_device_tail	32	static
drivers/core/uclass.c:497:5:uclass_get_device	48	static
drivers/core/uclass.c:507:5:uclass_get_device_by_name	48	static
drivers/core/uclass.c:518:5:uclass_get_device_by_seq	48	static
drivers/core/uclass.c:529:5:uclass_get_device_by_of_offset	48	static
drivers/core/uclass.c:540:5:uclass_get_device_by_ofnode	48	static
drivers/core/uclass.c:556:5:uclass_get_device_by_of_path	32	static
drivers/core/uclass.c:562:5:uclass_get_device_by_phandle_id	48	static
drivers/core/uclass.c:573:5:uclass_get_device_by_phandle	48	static
drivers/core/uclass.c:584:5:uclass_get_device_by_endpoint	48	static
drivers/core/uclass.c:616:6:uclass_first_device	48	static
drivers/core/uclass.c:625:6:uclass_next_device	32	static
drivers/core/uclass.c:659:5:uclass_first_device_check	32	static
drivers/core/uclass.c:633:5:uclass_first_device_err	32	static
drivers/core/uclass.c:673:5:uclass_next_device_check	16	static
drivers/core/uclass.c:646:5:uclass_next_device_err	32	static
drivers/core/uclass.c:683:5:uclass_get_count	0	static
drivers/core/uclass.c:696:5:uclass_first_device_drvdata	64	static
drivers/core/uclass.c:713:5:uclass_bind_device	32	static
drivers/core/uclass.c:740:5:uclass_pre_unbind_device	0	static
drivers/core/uclass.c:755:5:uclass_unbind_device	0	static
drivers/core/uclass.c:763:5:uclass_pre_probe_device	32	static
drivers/core/uclass.c:787:5:uclass_post_probe_device	32	static
drivers/core/uclass.c:812:5:uclass_pre_remove_device	0	static
drivers/core/uclass.c:828:5:uclass_probe_all	48	static
drivers/core/uclass.c:845:5:uclass_id_count	32	static
