lib/efi_loader/efi_console.c:482:13:efi_clear_screen	16	static
lib/efi_loader/efi_console.c:958:13:efi_cin_empty_buffer	16	static
lib/efi_loader/efi_console.c:99:12:term_get_char	32	static
lib/efi_loader/efi_console.c:639:28:efi_cout_enable_cursor	32	static
lib/efi_loader/efi_console.c:597:28:efi_cout_set_cursor_position	64	static
lib/efi_loader/efi_console.c:514:28:efi_cout_clear_screen	16	static
lib/efi_loader/efi_console.c:460:28:efi_cout_set_attribute	32	static
lib/efi_loader/efi_console.c:541:28:efi_cout_set_mode	32	static
lib/efi_loader/efi_console.c:261:28:efi_cout_test_string	16	static
lib/efi_loader/efi_console.c:570:28:efi_cout_reset	16	static
lib/efi_loader/efi_console.c:1077:28:efi_cin_set_state	16	static
lib/efi_loader/efi_console.c:979:28:efi_cin_reset_ex	32	static
lib/efi_loader/efi_console.c:1201:28:efi_cin_reset	0	static
lib/efi_loader/efi_console.c:172:28:efi_cout_output_string	64	static
lib/efi_loader/efi_console.c:1158:28:efi_cin_unregister_key_notify	32	static
lib/efi_loader/efi_console.c:1107:28:efi_cin_register_key_notify	48	static
lib/efi_loader/efi_console.c:414:28:efi_cout_query_mode	48	static
lib/efi_loader/efi_console.c:688:13:set_shift_mask.constprop	0	static
lib/efi_loader/efi_console.c:712:12:analyze_modifiers.constprop	48	static
lib/efi_loader/efi_console.c:931:13:efi_cin_check	64	static
lib/efi_loader/efi_console.c:1233:28:efi_cin_read_key_stroke	32	static
lib/efi_loader/efi_console.c:1287:20:efi_console_timer_notify	16	static
lib/efi_loader/efi_console.c:1011:28:efi_cin_read_key_stroke_ex	32	static
lib/efi_loader/efi_console.c:1301:20:efi_key_notify	16	static
lib/efi_loader/efi_console.c:40:6:efi_console_set_ansi	0	static
lib/efi_loader/efi_console.c:363:6:efi_setup_console_size	64	static
lib/efi_loader/efi_console.c:1315:14:efi_console_register	48	static
lib/efi_loader/efi_console.c:1381:14:efi_console_get_u16_string	128	static
