lib/efi_loader/efi_helper.c:734:12:pmem_node_efi_memmap_setup	48	static
lib/efi_loader/efi_helper.c:74:13:efi_get_basename	0	static
lib/efi_loader/efi_helper.c:79:5:efi_get_pxe_arch	0	static
lib/efi_loader/efi_helper.c:149:25:efi_get_dp_from_boot	128	static
lib/efi_loader/efi_helper.c:186:14:efi_load_option_dp_join	64	static
lib/efi_loader/efi_helper.c:257:13:guid_to_sha_str	48	static
lib/efi_loader/efi_helper.c:275:5:algo_to_len	48	static
lib/efi_loader/efi_helper.c:294:5:efi_link_dev	0	static
lib/efi_loader/efi_helper.c:307:5:efi_unlink_dev	32	static
lib/efi_loader/efi_helper.c:330:6:efi_varname_is_load_option	32	static
lib/efi_loader/efi_helper.c:364:14:efi_next_variable_name	64	static
lib/efi_loader/efi_helper.c:395:6:efi_search_bootorder	0	static
lib/efi_loader/efi_helper.c:419:14:efi_env_set_load_options	64	static
lib/efi_loader/efi_helper.c:517:7:efi_get_configuration_table	64	static
lib/efi_loader/efi_helper.c:545:14:efi_install_fdt	384	static
lib/efi_loader/efi_helper.c:636:14:efi_install_initrd	32	static
lib/efi_loader/efi_helper.c:668:14:do_bootefi_exec	64	static
lib/efi_loader/efi_helper.c:757:5:fdt_efi_pmem_setup	0	static
