lib/efi_loader/efi_boottime.c:685:21:efi_is_event	0	static
lib/efi_loader/efi_boottime.c:179:20:indent_string	32	static
lib/efi_loader/efi_boottime.c:220:21:efi_purge_handle.part.0	64	static
lib/efi_loader/efi_boottime.c:115:5:__efi_entry_check	16	static
lib/efi_loader/efi_boottime.c:127:5:__efi_exit_check	16	static
lib/efi_loader/efi_boottime.c:247:13:efi_process_event_queue	48	static
lib/efi_loader/efi_boottime.c:279:13:efi_queue_event	0	static
lib/efi_loader/efi_boottime.c:1042:21:efi_close_event	80	static
lib/efi_loader/efi_boottime.c:1480:21:efi_register_protocol_notify	48	static
lib/efi_loader/efi_boottime.c:2994:20:efi_set_mem	16	static
lib/efi_loader/efi_boottime.c:2975:20:efi_copy_mem	16	static
lib/efi_loader/efi_boottime.c:2948:28:efi_calculate_crc32	32	static
lib/efi_loader/efi_boottime.c:2346:28:efi_set_watchdog_timer	16	static
lib/efi_loader/efi_boottime.c:2292:28:efi_get_next_monotonic_count	16	static
lib/efi_loader/efi_boottime.c:530:28:efi_free_pool_ext	16	static
lib/efi_loader/efi_boottime.c:508:28:efi_allocate_pool_ext	16	static
lib/efi_loader/efi_boottime.c:479:28:efi_get_memory_map_ext	16	static
lib/efi_loader/efi_boottime.c:453:28:efi_free_pages_ext	16	static
lib/efi_loader/efi_boottime.c:430:28:efi_allocate_pages_ext	16	static
lib/efi_loader/efi_boottime.c:373:29:efi_raise_tpl	16	static
lib/efi_loader/efi_boottime.c:145:6:efi_save_gd	0	static
lib/efi_loader/efi_boottime.c:159:6:efi_restore_gd	16	static
lib/efi_loader/efi_boottime.c:188:13:__efi_nesting	0	static
lib/efi_loader/efi_boottime.c:193:13:__efi_nesting_inc	0	static
lib/efi_loader/efi_boottime.c:198:13:__efi_nesting_dec	0	static
lib/efi_loader/efi_boottime.c:333:6:efi_signal_event	48	static
lib/efi_loader/efi_boottime.c:2185:28:efi_exit_boot_services	64	static
lib/efi_loader/efi_boottime.c:1022:28:efi_signal_event_ext	32	static
lib/efi_loader/efi_boottime.c:547:6:efi_add_handle	0	static
lib/efi_loader/efi_boottime.c:561:14:efi_create_handle	32	static
lib/efi_loader/efi_boottime.c:715:14:efi_create_event	96	static
lib/efi_loader/efi_boottime.c:792:21:efi_create_event_ex	16	static
lib/efi_loader/efi_boottime.c:837:28:efi_create_event_ext	16	static
lib/efi_loader/efi_boottime.c:859:6:efi_timer_check	48	static
lib/efi_loader/efi_boottime.c:2319:28:efi_stall	32	static
lib/efi_loader/efi_boottime.c:1089:28:efi_check_event	32	static
lib/efi_loader/efi_boottime.c:963:28:efi_wait_for_event	64	static
lib/efi_loader/efi_boottime.c:398:20:efi_restore_tpl	16	static
lib/efi_loader/efi_boottime.c:897:14:efi_set_timer	48	static
lib/efi_loader/efi_boottime.c:942:28:efi_set_timer_ext	16	static
lib/efi_loader/efi_boottime.c:1111:20:efi_search_obj	0	static
lib/efi_loader/efi_boottime.c:583:14:efi_search_protocol	48	static
lib/efi_loader/efi_boottime.c:2625:28:efi_locate_protocol	64	static
lib/efi_loader/efi_boottime.c:2444:28:efi_open_protocol_information	80	static
lib/efi_loader/efi_boottime.c:1574:21:efi_locate_handle	80	static
lib/efi_loader/efi_boottime.c:1665:28:efi_locate_handle_ext	16	static
lib/efi_loader/efi_boottime.c:2507:28:efi_protocols_per_handle	48	static
lib/efi_loader/efi_boottime.c:1168:14:efi_add_protocol	64	static
lib/efi_loader/efi_boottime.c:1229:28:efi_install_protocol_interface	48	static
lib/efi_loader/efi_boottime.c:1704:14:efi_install_configuration_table	64	static
lib/efi_loader/efi_boottime.c:1765:8:efi_install_configuration_table_ext	16	static
lib/efi_loader/efi_boottime.c:2371:14:efi_close_protocol	64	static
lib/efi_loader/efi_boottime.c:2001:14:efi_load_image_from_path	112	static
lib/efi_loader/efi_boottime.c:2414:1:efi_close_protocol_ext	16	static
lib/efi_loader/efi_boottime.c:2552:14:efi_locate_handle_buffer_int	80	static
lib/efi_loader/efi_boottime.c:2596:21:efi_locate_handle_buffer	16	static
lib/efi_loader/efi_boottime.c:1868:21:efi_locate_device_path	128	static
lib/efi_loader/efi_boottime.c:3011:14:efi_protocol_open	80	static
lib/efi_loader/efi_boottime.c:3129:28:efi_open_protocol	64	static
lib/efi_loader/efi_boottime.c:3201:21:efi_start_image	176	static
lib/efi_loader/efi_boottime.c:3547:21:efi_handle_protocol	0	static
lib/efi_loader/efi_boottime.c:3563:21:efi_bind_controller	80	static
lib/efi_loader/efi_boottime.c:3681:21:efi_connect_controller	112	static
lib/efi_loader/efi_boottime.c:3860:21:efi_disconnect_controller	112	static
lib/efi_loader/efi_boottime.c:1341:21:efi_disconnect_all_drivers	80	static
lib/efi_loader/efi_boottime.c:1383:14:efi_uninstall_protocol	80	static
lib/efi_loader/efi_boottime.c:666:14:efi_delete_handle	48	static
lib/efi_loader/efi_boottime.c:1787:14:efi_setup_loaded_image	64	static
lib/efi_loader/efi_boottime.c:2082:21:efi_load_image	112	static
lib/efi_loader/efi_boottime.c:3298:21:efi_delete_image.isra	48	static
lib/efi_loader/efi_boottime.c:1451:28:efi_uninstall_protocol_interface	16	static
lib/efi_loader/efi_boottime.c:2695:1:efi_install_multiple_protocol_interfaces_int	128	static
lib/efi_loader/efi_boottime.c:2767:1:efi_install_multiple_protocol_interfaces	144	static
lib/efi_loader/efi_boottime.c:2793:1:efi_install_multiple_protocol_interfaces_ext	144	static
lib/efi_loader/efi_boottime.c:2818:1:efi_uninstall_multiple_protocol_interfaces_int	112	static
lib/efi_loader/efi_boottime.c:2897:1:efi_uninstall_multiple_protocol_interfaces	144	static
lib/efi_loader/efi_boottime.c:2923:1:efi_uninstall_multiple_protocol_interfaces_ext	144	static
lib/efi_loader/efi_boottime.c:3749:21:efi_reinstall_protocol_interface	48	static
lib/efi_loader/efi_boottime.c:3350:21:efi_unload_image	48	static
lib/efi_loader/efi_boottime.c:3446:28:efi_exit	80	static
lib/efi_loader/efi_boottime.c:4022:14:efi_initialize_system_table	32	static
