lib/efi_loader/efi_net.c:138:28:efi_netobj_from_snp	0	static
lib/efi_loader/efi_net.c:886:28:efi_pxe_base_code_start	0	static
lib/efi_loader/efi_net.c:893:28:efi_pxe_base_code_stop	0	static
lib/efi_loader/efi_net.c:906:28:efi_pxe_base_code_discover	0	static
lib/efi_loader/efi_net.c:914:28:efi_pxe_base_code_mtftp	16	static
lib/efi_loader/efi_net.c:925:28:efi_pxe_base_code_udp_write	0	static
lib/efi_loader/efi_net.c:937:28:efi_pxe_base_code_udp_read	0	static
lib/efi_loader/efi_net.c:948:28:efi_pxe_base_code_set_ip_filter	0	static
lib/efi_loader/efi_net.c:955:28:efi_pxe_base_code_arp	0	static
lib/efi_loader/efi_net.c:963:28:efi_pxe_base_code_set_parameters	0	static
lib/efi_loader/efi_net.c:980:28:efi_pxe_base_code_set_packets	0	static
lib/efi_loader/efi_net.c:815:13:efi_net_push	48	static
lib/efi_loader/efi_net.c:519:28:efi_net_nvdata	16	static
lib/efi_loader/efi_net.c:456:28:efi_net_mcastiptomac	48	static
lib/efi_loader/efi_net.c:434:28:efi_net_statistics	16	static
lib/efi_loader/efi_net.c:412:28:efi_net_station_address	16	static
lib/efi_loader/efi_net.c:389:28:efi_net_receive_filters	16	static
lib/efi_loader/efi_net.c:161:28:efi_net_start	32	static
lib/efi_loader/efi_net.c:123:13:efi_netobj_is_active	16	static
lib/efi_loader/efi_net.c:1050:32:efi_netobj_get_dp	48	static
lib/efi_loader/efi_net.c:852:20:efi_network_timer_notify	48	static
lib/efi_loader/efi_net.c:539:28:efi_net_get_status	48	static
lib/efi_loader/efi_net.c:690:28:efi_net_receive	96	static
lib/efi_loader/efi_net.c:595:28:efi_net_transmit	80	static
lib/efi_loader/efi_net.c:337:28:efi_net_shutdown	32	static
lib/efi_loader/efi_net.c:196:28:efi_net_stop	32	static
lib/efi_loader/efi_net.c:238:28:efi_net_initialize	32	static
lib/efi_loader/efi_net.c:297:28:efi_net_reset	32	static
lib/efi_loader/efi_net.c:972:28:efi_pxe_base_code_set_station_ip	0	static
lib/efi_loader/efi_net.c:899:28:efi_pxe_base_code_dhcp	0	static
lib/efi_loader/efi_net.c:774:6:efi_net_set_dhcp_ack	80	static
lib/efi_loader/efi_net.c:1005:14:efi_netobj_set_dp	64	static
lib/efi_loader/efi_net.c:1129:14:efi_net_register	80	static
lib/efi_loader/efi_net.c:1332:14:efi_net_new_dp	64	static
lib/efi_loader/efi_net.c:1389:6:efi_net_dp_from_dev	48	static
lib/efi_loader/efi_net.c:1436:6:efi_net_get_addr	32	static
lib/efi_loader/efi_net.c:1074:14:efi_net_do_start	48	static
lib/efi_loader/efi_net.c:1500:6:efi_net_set_addr	32	static
lib/efi_loader/efi_net.c:1587:6:efi_net_parse_headers	112	static
lib/efi_loader/efi_net.c:1644:14:efi_net_do_request	96	static
