lib/efi_loader/efi_file.c:1108:28:efi_file_flush_ex	32	static
lib/efi_loader/efi_file.c:772:28:efi_file_getpos	32	static
lib/efi_loader/efi_file.c:497:13:rtc2efi	32	static
lib/efi_loader/efi_file.c:372:21:file_close	32	static
lib/efi_loader/efi_file.c:387:28:efi_file_close	32	static
lib/efi_loader/efi_file.c:87:12:sanitize_path	48	static
lib/efi_loader/efi_file.c:57:12:set_blk_dev.isra	0	static
lib/efi_loader/efi_file.c:176:32:file_open	112	static
lib/efi_loader/efi_file.c:393:28:efi_file_delete	32	static
lib/efi_loader/efi_file.c:414:21:efi_get_file_size	32	static
lib/efi_loader/efi_file.c:841:28:efi_file_getinfo	208	static
lib/efi_loader/efi_file.c:662:21:efi_file_write_int	64	static
lib/efi_loader/efi_file.c:739:28:efi_file_write_ex	32	static
lib/efi_loader/efi_file.c:714:28:efi_file_write	48	static
lib/efi_loader/efi_file.c:1085:28:efi_file_flush	32	static
lib/efi_loader/efi_file.c:950:28:efi_file_setinfo	80	static
lib/efi_loader/efi_file.c:256:14:efi_file_open_int	32	static
lib/efi_loader/efi_file.c:344:28:efi_file_open_ex	64	static
lib/efi_loader/efi_file.c:315:28:efi_file_open	64	static
lib/efi_loader/efi_file.c:380:14:efi_file_close_int	0	static
lib/efi_loader/efi_file.c:434:14:efi_file_size	80	static
lib/efi_loader/efi_file.c:579:14:efi_file_read_int	96	static
lib/efi_loader/efi_file.c:639:28:efi_file_read_ex	32	static
lib/efi_loader/efi_file.c:615:28:efi_file_read	48	static
lib/efi_loader/efi_file.c:790:14:efi_file_setpos_int	48	static
lib/efi_loader/efi_file.c:829:28:efi_file_setpos	32	static
lib/efi_loader/efi_file.c:1164:25:efi_file_from_path	64	static
lib/efi_loader/efi_file.c:1227:14:efi_open_volume_int	32	static
lib/efi_loader/efi_file.c:1238:1:efi_open_volume	32	static
lib/efi_loader/efi_file.c:1247:1:efi_create_simple_file_system	48	static
