lib/efi_loader/efi_tcg2.c:755:1:efi_tcg2_set_active_pcr_banks	0	static
lib/efi_loader/efi_tcg2.c:774:1:efi_tcg2_get_result_of_set_active_pcr_banks	0	static
lib/efi_loader/efi_tcg2.c:84:13:is_tcg2_protocol_installed	32	static
lib/efi_loader/efi_tcg2.c:380:21:tcg2_hash_pe_image	224	static
lib/efi_loader/efi_tcg2.c:104:21:tcg2_agile_log_append	96	static
lib/efi_loader/efi_tcg2.c:862:21:measure_event	1136	static
lib/efi_loader/efi_tcg2.c:992:21:tcg2_measure_variable	96	static
lib/efi_loader/efi_tcg2.c:1441:1:efi_tcg2_notify_exit_boot_services	48	static
lib/efi_loader/efi_tcg2.c:718:1:efi_tcg2_get_active_pcr_banks	48	static
lib/efi_loader/efi_tcg2.c:331:1:efi_tcg2_get_eventlog	80	static
lib/efi_loader/efi_tcg2.c:672:1:efi_tcg2_submit_command	64	static
lib/efi_loader/efi_tcg2.c:573:1:efi_tcg2_hash_log_extend_event	1136	static
lib/efi_loader/efi_tcg2.c:150:12:tpm2_get_max_command_size	1056	static
lib/efi_loader/efi_tcg2.c:175:12:tpm2_get_max_response_size	1056	static
lib/efi_loader/efi_tcg2.c:201:12:tpm2_get_manufacturer_id	1056	static
lib/efi_loader/efi_tcg2.c:227:1:efi_tcg2_get_capability	48	static
lib/efi_loader/efi_tcg2.c:794:13:tcg2_uninit	32	static
lib/efi_loader/efi_tcg2.c:463:14:tcg2_measure_pe_image	1168	static
lib/efi_loader/efi_tcg2.c:1314:14:efi_tcg2_measure_dtb	160	static
lib/efi_loader/efi_tcg2.c:1362:14:efi_tcg2_measure_efi_app_invocation	208	static
lib/efi_loader/efi_tcg2.c:1417:14:efi_tcg2_measure_efi_app_exit	48	static
lib/efi_loader/efi_tcg2.c:1480:14:efi_tcg2_notify_exit_boot_services_failed	48	static
lib/efi_loader/efi_tcg2.c:1561:14:efi_tcg2_do_initial_measurement	128	static
lib/efi_loader/efi_tcg2.c:1587:14:efi_tcg2_register	96	static
