test/cmd/fdt.c:1342:12:fdt_test_apply	0	static
test/cmd/fdt.c:320:12:fdt_test_print_list_common	64	static
test/cmd/fdt.c:40:12:make_test_fdt	64	static
test/cmd/fdt.c:165:12:fdt_test_addr	352	static
test/cmd/fdt.c:235:12:fdt_test_addr_resize	336	static
test/cmd/fdt.c:265:12:fdt_test_move	336	static
test/cmd/fdt.c:299:12:fdt_test_resize	320	static
test/cmd/fdt.c:70:12:make_fuller_fdt	112	static
test/cmd/fdt.c:391:12:fdt_test_print_list	4176	static
test/cmd/fdt.c:441:12:fdt_test_print	0	static
test/cmd/fdt.c:447:12:fdt_test_list	0	static
test/cmd/fdt.c:913:12:fdt_test_mknode	8272	static
test/cmd/fdt.c:971:12:fdt_test_rm	4176	static
test/cmd/fdt.c:552:12:fdt_test_get_name	4192	static
test/cmd/fdt.c:454:12:fdt_test_get_value_string	64	static
test/cmd/fdt.c:470:12:fdt_test_get_value_common	80	static
test/cmd/fdt.c:523:12:fdt_test_get_value	4176	static
test/cmd/fdt.c:689:12:fdt_test_get_size_common	48	static
test/cmd/fdt.c:704:12:fdt_test_get_size	4192	static
test/cmd/fdt.c:776:12:fdt_test_set_single	80	static
test/cmd/fdt.c:806:12:fdt_test_set_multi	96	static
test/cmd/fdt.c:855:12:fdt_test_set_node	64	static
test/cmd/fdt.c:870:12:fdt_test_set	8288	static
test/cmd/fdt.c:1071:12:fdt_test_header_get	64	static
test/cmd/fdt.c:619:12:fdt_test_get_addr_common	96	static
test/cmd/fdt.c:641:12:fdt_test_get_addr	4176	static
test/cmd/fdt.c:1043:12:fdt_test_bootcpu	352	static
test/cmd/fdt.c:1086:12:fdt_test_header	320	static
test/cmd/fdt.c:1132:12:fdt_test_memory_cells	8384	static
test/cmd/fdt.c:1194:12:fdt_test_memory	48	static
test/cmd/fdt.c:1215:12:fdt_test_rsvmem	8288	static
test/cmd/fdt.c:1271:12:fdt_test_chosen	8336	static
