net/tcp.c:165:13:tcp_stream_destroy	32	static
net/tcp.c:281:13:tcp_send_packet	0	static
net/tcp.c:673:13:tcp_update_rcv_nxt	32	static
net/tcp.c:290:13:tcp_send_repeat	48	static
net/tcp.c:335:13:tcp_send_packet_with_retry	32	static
net/tcp.c:106:16:tcp_stream_get_state	0	static
net/tcp.c:128:17:tcp_stream_get_status	0	static
net/tcp.c:144:6:tcp_stream_restart_rx_timer	32	static
net/tcp.c:193:27:tcp_stream_add	64	static
net/tcp.c:172:6:tcp_init	32	static
net/tcp.c:188:6:tcp_stream_set_on_create_handler	0	static
net/tcp.c:209:20:tcp_stream_get	0	static
net/tcp.c:222:6:tcp_stream_put	0	static
net/tcp.c:228:5:tcp_stream_rx_offs	0	static
net/tcp.c:248:5:tcp_stream_tx_offs	0	static
net/tcp.c:451:5:tcp_set_pseudo_header	64	static
net/tcp.c:486:5:net_set_ack_options	0	static
net/tcp.c:541:6:net_set_syn_options	32	static
net/tcp.c:570:13:tcpflags_to_str	64	static
net/tcp.c:592:5:tcp_set_tcp_header	64	static
net/tcp.c:693:6:tcp_hole	64	static
net/tcp.c:920:12:tcp_rx_user_data	48	static
net/tcp.c:775:6:tcp_parse_options	0	static
net/tcp.c:967:6:tcp_rx_state_machine	96	static
net/tcp.c:1159:6:rxhand_tcp_f	48	static
net/tcp.c:1211:20:tcp_stream_connect	32	static
net/tcp.c:1229:6:tcp_stream_reset	32	static
net/tcp.c:431:6:tcp_streams_poll	64	static
net/tcp.c:1240:6:tcp_stream_close	32	static
