boot/bootflow.c:140:13:bootflow_iter_set_dev	48	static
boot/bootflow.c:197:13:bootmeth_glob_allowed	32	static
boot/bootflow.c:227:12:next_glob_bootmeth	32	static
boot/bootflow.c:500:12:bootflow_check	32	static
boot/bootflow.c:178:13:scan_next_in_uclass	48	static
boot/bootflow.c:866:12:copy_in	80	static
boot/bootflow.c:51:13:bootflow_state_get_name	0	static
boot/bootflow.c:60:5:bootflow_first_glob	48	static
boot/bootflow.c:77:5:bootflow_next_glob	48	static
boot/bootflow.c:93:6:bootflow_iter_init	32	static
boot/bootflow.c:103:6:bootflow_iter_uninit	0	static
boot/bootflow.c:108:5:bootflow_iter_drop_bootmeth	32	static
boot/bootflow.c:592:5:bootflow_scan_next	80	static
boot/bootflow.c:540:5:bootflow_scan_first	64	static
boot/bootflow.c:625:6:bootflow_init	48	static
boot/bootflow.c:635:6:bootflow_free	32	static
boot/bootflow.c:653:6:bootflow_remove	0	static
boot/bootflow.c:659:5:bootflow_read_all	0	static
boot/bootflow.c:674:5:bootflow_boot	16	static
boot/bootflow.c:693:5:bootflow_run_boot	48	static
boot/bootflow.c:737:5:bootflow_iter_check_blk	16	static
boot/bootflow.c:749:5:bootflow_iter_check_mmc	16	static
boot/bootflow.c:761:5:bootflow_iter_check_sf	16	static
boot/bootflow.c:773:5:bootflow_iter_check_net	16	static
boot/bootflow.c:785:5:bootflow_iter_check_system	16	static
boot/bootflow.c:803:5:bootflow_cmdline_set	32	static
boot/bootflow.c:823:12:on_bootargs	64	static
boot/bootflow.c:898:5:cmdline_set_arg	144	static
boot/bootflow.c:1046:5:bootflow_cmdline_set_arg	2096	static
boot/bootflow.c:1076:5:cmdline_get_arg	0	static
boot/bootflow.c:1085:5:bootflow_cmdline_get_arg	48	static
boot/bootflow.c:1099:5:bootflow_cmdline_auto	144	static
boot/bootflow.c:1136:13:bootflow_img_type_name	0	static
boot/bootflow.c:1148:22:bootflow_img_add	96	static
boot/bootflow.c:1169:5:bootflow_get_seq	48	static
