boot/bootdev-uclass.c:250:12:bootdev_get_suffix_start	64	static
boot/bootdev-uclass.c:785:12:bootdev_hunt_drv	64	static
boot/bootdev-uclass.c:935:12:bootdev_pre_unbind	0	static
boot/bootdev-uclass.c:36:5:bootdev_first_bootflow	48	static
boot/bootdev-uclass.c:54:5:bootdev_next_bootflow	48	static
boot/bootdev-uclass.c:72:5:bootdev_bind	96	static
boot/bootdev-uclass.c:93:5:bootdev_find_in_blk	288	static
boot/bootdev-uclass.c:199:6:bootdev_list	112	static
boot/bootdev-uclass.c:227:5:bootdev_setup_for_dev	48	static
boot/bootdev-uclass.c:262:5:bootdev_setup_for_sibling_blk	112	static
boot/bootdev-uclass.c:301:5:bootdev_get_sibling_blk	112	static
boot/bootdev-uclass.c:332:5:bootdev_get_from_blk	112	static
boot/bootdev-uclass.c:354:5:bootdev_unbind_dev	32	static
boot/bootdev-uclass.c:422:5:bootdev_find_by_label	112	static
boot/bootdev-uclass.c:481:5:bootdev_find_by_any	80	static
boot/bootdev-uclass.c:564:5:bootdev_get_bootflow	64	static
boot/bootdev-uclass.c:812:5:bootdev_hunt	96	static
boot/bootdev-uclass.c:524:5:bootdev_hunt_and_find_by_label	48	static
boot/bootdev-uclass.c:578:5:bootdev_next_label	64	static
boot/bootdev-uclass.c:850:5:bootdev_unhunt	48	static
boot/bootdev-uclass.c:877:5:bootdev_hunt_prio	64	static
boot/bootdev-uclass.c:619:5:bootdev_next_prio	48	static
boot/bootdev-uclass.c:685:5:bootdev_setup_iter	144	static
boot/bootdev-uclass.c:904:6:bootdev_list_hunters	112	static
