boot/image-fit.c:851:12:fit_image_get_address	48	static
boot/image-fit.c:1648:12:fdt_check_no_at	32	static
boot/image-fit.c:92:5:fit_parse_conf	48	static
boot/image-fit.c:118:5:fit_parse_subimage	48	static
boot/image-fit.c:156:5:fit_get_subimage_count	48	static
boot/image-fit.c:610:5:fit_get_desc	48	static
boot/image-fit.c:638:5:fit_get_timestamp	48	static
boot/image-fit.c:670:5:fit_image_get_node	32	static
boot/image-fit.c:704:5:fit_image_get_os	48	static
boot/image-fit.c:736:5:fit_image_get_arch	48	static
boot/image-fit.c:768:5:fit_image_get_type	48	static
boot/image-fit.c:800:5:fit_image_get_comp	48	static
boot/image-fit.c:829:5:fit_image_get_phase	48	static
boot/image-fit.c:893:5:fit_image_get_load	0	static
boot/image-fit.c:915:5:fit_image_get_entry	0	static
boot/image-fit.c:935:5:fit_image_get_emb_data	48	static
boot/image-fit.c:962:5:fit_image_get_data_offset	32	static
boot/image-fit.c:986:5:fit_image_get_data_position	32	static
boot/image-fit.c:1011:5:fit_image_get_data_size	32	static
boot/image-fit.c:1035:5:fit_image_get_data_size_unciphered	32	static
boot/image-fit.c:1065:5:fit_image_get_data	64	static
boot/image-fit.c:1112:5:fit_image_hash_get_algo	48	static
boot/image-fit.c:1140:5:fit_image_hash_get_value	48	static
boot/image-fit.c:190:13:fit_image_print_data	112	static
boot/image-fit.c:257:13:fit_image_print_verification_data	64	static
boot/image-fit.c:489:6:fit_image_print	112	static
boot/image-fit.c:382:6:fit_print_contents	128	static
boot/image-fit.c:1198:5:fit_image_cipher_get_algo	0	static
boot/image-fit.c:1211:7:fit_get_end	0	static
boot/image-fit.c:1229:5:fit_set_timestamp	64	static
boot/image-fit.c:1265:5:calculate_hash	64	static
boot/image-fit.c:1357:5:fit_image_verify_with_data	272	static
boot/image-fit.c:1435:5:fit_image_verify	64	static
boot/image-fit.c:1954:12:fit_get_data_tail	64	static
boot/image-fit.c:1476:5:fit_all_image_verify	80	static
boot/image-fit.c:1552:5:fit_image_check_os	48	static
boot/image-fit.c:1574:5:fit_image_check_arch	48	static
boot/image-fit.c:1607:5:fit_image_check_type	48	static
boot/image-fit.c:1630:5:fit_image_check_comp	48	static
boot/image-fit.c:1667:5:fit_check_format	32	static
boot/image-fit.c:1735:5:fit_conf_find_compat	144	static
boot/image-fit.c:1836:5:fit_conf_get_node	64	static
boot/image-fit.c:1895:5:fit_conf_get_prop_node_count	0	static
boot/image-fit.c:1901:5:fit_conf_get_prop_node_index	48	static
boot/image-fit.c:1915:5:fit_conf_get_prop_node	96	static
boot/image-fit.c:1974:5:fit_get_data_node	48	static
boot/image-fit.c:1982:5:fit_get_data_conf_prop	48	static
boot/image-fit.c:2008:5:fit_get_node_from_config	32	static
boot/image-fit.c:2073:5:fit_image_load	208	static
boot/image-fit.c:2350:5:boot_get_setup_fit	80	static
boot/image-fit.c:2444:5:boot_get_fdt_fit	144	static
