boot/pxe_utils.c:1072:13:eol_or_eof	0	static
boot/pxe_utils.c:275:13:label_print	0	static
boot/pxe_utils.c:101:12:get_relfile	624	static
boot/pxe_utils.c:202:12:get_relfile_envaddr	64	static
boot/pxe_utils.c:253:13:label_destroy	32	static
boot/pxe_utils.c:950:14:get_string.constprop.isra	64	static
boot/pxe_utils.c:1022:13:get_token	64	static
boot/pxe_utils.c:1089:12:parse_sliteral	64	static
boot/pxe_utils.c:1109:12:parse_integer	64	static
boot/pxe_utils.c:39:5:pxe_get_file_size	32	static
boot/pxe_utils.c:68:5:format_mac_pxe	48	static
boot/pxe_utils.c:543:12:label_boot	2384	static
boot/pxe_utils.c:139:5:get_pxe_file	48	static
boot/pxe_utils.c:1138:12:handle_include	96	static
boot/pxe_utils.c:1401:12:parse_pxefile_top	176	static
boot/pxe_utils.c:168:5:get_pxelinux_path	592	static
boot/pxe_utils.c:1494:6:destroy_pxe_menu	48	static
boot/pxe_utils.c:1512:18:parse_pxefile	48	static
boot/pxe_utils.c:1631:6:handle_pxe_menu	128	static
boot/pxe_utils.c:1687:5:pxe_setup_ctx	80	static
boot/pxe_utils.c:1720:6:pxe_destroy_ctx	0	static
boot/pxe_utils.c:1725:5:pxe_process	48	static
