boot/scene.c:358:13:handle_alignment	0	static
boot/scene.c:518:12:scene_txt_render.isra	144	static
boot/scene.c:22:5:scene_new	64	static
boot/scene.c:52:6:scene_obj_destroy	32	static
boot/scene.c:60:6:scene_destroy	48	static
boot/scene.c:73:5:scene_obj_count	0	static
boot/scene.c:78:7:scene_obj_find	0	static
boot/scene.c:91:7:scene_obj_find_by_name	48	static
boot/scene.c:103:5:scene_obj_add	64	static
boot/scene.c:126:5:scene_img	48	static
boot/scene.c:146:5:scene_txt_generic_init	32	static
boot/scene.c:172:5:scene_txt	80	static
boot/scene.c:193:5:scene_txt_str	80	static
boot/scene.c:214:5:scene_box	48	static
boot/scene.c:234:5:scene_txt_set_font	16	static
boot/scene.c:248:5:scene_obj_set_pos	16	static
boot/scene.c:266:5:scene_obj_set_size	16	static
boot/scene.c:280:5:scene_obj_set_width	16	static
boot/scene.c:292:5:scene_obj_set_bbox	16	static
boot/scene.c:309:5:scene_obj_set_halign	16	static
boot/scene.c:321:5:scene_obj_set_valign	16	static
boot/scene.c:345:5:scene_obj_flag_clrset	16	static
boot/scene.c:333:5:scene_obj_set_hide	0	static
boot/scene.c:401:5:scene_obj_get_hw	112	static
boot/scene.c:695:5:scene_calc_arrange	64	static
boot/scene.c:740:5:scene_arrange	80	static
boot/scene.c:907:5:scene_send_key	16	static
boot/scene.c:978:5:scene_obj_calc_bbox	16	static
boot/scene.c:476:13:scene_render_background.constprop	192	static
boot/scene.c:608:12:scene_obj_render	64	static
boot/scene.c:795:5:scene_render_deps	32	static
boot/scene.c:832:5:scene_render	64	static
boot/scene.c:1006:5:scene_calc_dims	64	static
boot/scene.c:1062:5:scene_apply_theme	48	static
boot/scene.c:1096:6:scene_set_highlight_id	0	static
boot/scene.c:1101:6:scene_highlight_first	0	static
boot/scene.c:1136:5:scene_set_open	32	static
boot/scene.c:1159:5:scene_iter_objs	48	static
boot/scene.c:1175:5:scene_bbox_join	0	static
boot/scene.c:1194:5:scene_bbox_union	48	static
