fs/fs.c:49:19:fs_probe_unsupported	0	static
fs/fs.c:56:19:fs_ls_unsupported	0	static
fs/fs.c:93:19:fs_exists_unsupported	0	static
fs/fs.c:103:19:fs_read_unsupported	0	static
fs/fs.c:122:20:fs_close_unsupported	0	static
fs/fs.c:131:19:fs_opendir_unsupported	0	static
fs/fs.c:425:28:fs_get_info	0	static
fs/fs.c:110:19:fs_write_unsupported	0	static
fs/fs.c:142:19:fs_mkdir_unsupported	0	static
fs/fs.c:98:19:fs_size_unsupported	0	static
fs/fs.c:117:19:fs_ln_unsupported	0	static
fs/fs.c:147:19:fs_rename_unsupported	0	static
fs/fs.c:126:19:fs_uuid_unsupported	0	static
fs/fs.c:137:19:fs_unlink_unsupported	0	static
fs/fs.c:44:6:fs_set_type	0	static
fs/fs.c:447:5:fs_get_type	0	static
fs/fs.c:460:13:fs_get_type_name	16	static
fs/fs.c:465:5:fs_set_blk_dev	64	static
fs/fs.c:494:5:fs_set_blk_dev_with_part	64	static
fs/fs.c:518:6:fs_close	32	static
fs/fs.c:527:5:fs_uuid	16	static
fs/fs.c:534:5:fs_ls	32	static
fs/fs.c:547:5:fs_exists	32	static
fs/fs.c:560:5:fs_size	32	static
fs/fs.c:640:5:fs_read	32	static
fs/fs.c:646:5:fs_write	48	static
fs/fs.c:666:23:fs_opendir	48	static
fs/fs.c:685:19:fs_readdir	48	static
fs/fs.c:704:6:fs_closedir	32	static
fs/fs.c:63:12:fs_ls_generic	64	static
fs/fs.c:718:5:fs_unlink	32	static
fs/fs.c:731:5:fs_mkdir	32	static
fs/fs.c:744:5:fs_ln	48	static
fs/fs.c:760:5:fs_rename	32	static
fs/fs.c:776:5:do_size	48	static
fs/fs.c:795:5:do_load	128	static
fs/fs.c:873:5:do_ls	32	static
fs/fs.c:890:5:file_exists	32	static
fs/fs.c:899:5:do_save	96	static
fs/fs.c:941:5:do_fs_uuid	96	static
fs/fs.c:966:5:do_fs_type	48	static
fs/fs.c:988:5:do_rm	32	static
fs/fs.c:1003:5:do_mkdir	32	static
fs/fs.c:1023:5:do_ln	32	static
fs/fs.c:1038:5:do_mv	96	static
fs/fs.c:1107:5:do_fs_types	64	static
fs/fs.c:1127:5:fs_read_alloc	64	static
fs/fs.c:1156:5:fs_load_alloc	96	static
